<html>
<body>
<pre>
<h1>礦ision Build Log</h1>
<h2>Tool Versions:</h2>
IDE-Version: 礦ision V5.22.0.0
Copyright (C) 2016 ARM Ltd and ARM Germany GmbH. All rights reserved.
License Information: He Xin, NUC, LIC=V8545-GPKRU-ZCPJY-I8624-ABNKF-B3EIP
 
Tool Versions:
Toolchain:       MDK-ARM Professional  Version: 5.22
Toolchain Path:  D:\Program Files\Keil\ARM\ARMCC\Bin
C Compiler:      Armcc.exe V5.06 update 4 (build 422)
Assembler:       Armasm.exe V5.06 update 4 (build 422)
Linker/Locator:  ArmLink.exe V5.06 update 4 (build 422)
Library Manager: ArmAr.exe V5.06 update 4 (build 422)
Hex Converter:   FromElf.exe V5.06 update 4 (build 422)
CPU DLL:         SARMCM3.DLL V5.22
Dialog DLL:      DARMSTM.DLL V1.67.0.0
Target DLL:      STLink\ST-LINKIII-KEIL_SWO.dll V2.0.18.0
Dialog DLL:      TCM.DLL V1.21.0.0
 
<h2>Project:</h2>
E:\学习资料\电子设计\平衡小车\程序\BalanceCar-Vecoter\USER\BalanceCar.uvprojx
Project File Date:  09/27/2017

<h2>Output:</h2>
*** Using Compiler 'V5.06 update 4 (build 422)', folder: 'D:\Program Files\Keil\ARM\ARMCC\Bin'
Build target 'BalanceCar'
compiling motor_control.c...
..\HARDWARE\MOTOR\motor_control.c(13): warning:  #550-D: variable "err_sum"  was set but never used
  static float err_sum = 0;
..\HARDWARE\MOTOR\motor_control.c: 1 warning, 0 errors
linking...
Program Size: Code=28614 RO-data=5986 RW-data=3620 ZI-data=1732  
FromELF: creating hex file...
"..\OBJ\LED.axf" - 0 Error(s), 1 Warning(s).

<h2>Collection of Component include folders:</h2>
  E:\学习资料\电子设计\平衡小车\程序\BalanceCar-Vecoter\USER\RTE\_BalanceCar
  D:\Program Files\Keil\ARM\PACK\Keil\STM32F1xx_DFP\1.0.5\Device\Include

<h2>Collection of Component Files used:</h2>
Build Time Elapsed:  00:00:02
</pre>
</body>
</html>
