Component: ARM Compiler 5.06 update 4 (build 422) Tool: armlink [4d35d2]

==============================================================================

Section Cross References

    main.o(i.System_Config) refers to delay.o(i.delay_init) for delay_init
    main.o(i.System_Config) refers to led.o(i.LED_Init) for LED_Init
    main.o(i.System_Config) refers to usart.o(i.uart_init) for uart_init
    main.o(i.System_Config) refers to oled.o(i.OLED_Config) for OLED_Config
    main.o(i.System_Config) refers to bsp_battery.o(i.BSP_BatteryConfig) for BSP_BatteryConfig
    main.o(i.System_Config) refers to oled.o(i.OLED_ShowString) for OLED_ShowString
    main.o(i.System_Config) refers to delay.o(i.delay_ms) for delay_ms
    main.o(i.System_Config) refers to mpu6050.o(i.MPU_Init) for MPU_Init
    main.o(i.System_Config) refers to oled.o(i.OLED_Clear) for OLED_Clear
    main.o(i.System_Config) refers to oled.o(i.OLED_SetFontSize) for OLED_SetFontSize
    main.o(i.System_Config) refers to inv_mpu.o(i.mpu_dmp_init) for mpu_dmp_init
    main.o(i.System_Config) refers to motor.o(i.Motor_Config) for Motor_Config
    main.o(i.main) refers to _printf_percent.o(.ARM.Collect$$_printf_percent$$00000000) for _printf_percent
    main.o(i.main) refers to _printf_d.o(.ARM.Collect$$_printf_percent$$00000009) for _printf_d
    main.o(i.main) refers to _printf_dec.o(.text) for _printf_int_dec
    main.o(i.main) refers to main.o(i.System_Config) for System_Config
    main.o(i.main) refers to oled.o(i.OLED_Clear) for OLED_Clear
    main.o(i.main) refers to oled.o(i.OLED_ShowString) for OLED_ShowString
    main.o(i.main) refers to fleqf.o(x$fpl$fleqf) for __aeabi_cfcmple
    main.o(i.main) refers to oled.o(i.OLED_ShowChar) for OLED_ShowChar
    main.o(i.main) refers to ffixu.o(x$fpl$ffixu) for __aeabi_f2uiz
    main.o(i.main) refers to oled.o(i.OLED_ShowNum) for OLED_ShowNum
    main.o(i.main) refers to fmul.o(x$fpl$fmul) for __aeabi_fmul
    main.o(i.main) refers to delay.o(i.delay_ms) for delay_ms
    main.o(i.main) refers to bsp_battery.o(i.BSP_GetBatteryValue) for BSP_GetBatteryValue
    main.o(i.main) refers to dfixu.o(x$fpl$dfixu) for __aeabi_d2uiz
    main.o(i.main) refers to fflt_clz.o(x$fpl$ffltu) for __aeabi_ui2f
    main.o(i.main) refers to noretval__2printf.o(.text) for __2printf
    main.o(i.main) refers to motor.o(.bss) for VECTOR
    main.o(i.main) refers to main.o(.data) for motor1
    system_stm32f10x.o(i.SetSysClock) refers to system_stm32f10x.o(i.SetSysClockTo72) for SetSysClockTo72
    system_stm32f10x.o(i.SystemCoreClockUpdate) refers to system_stm32f10x.o(.data) for SystemCoreClock
    system_stm32f10x.o(i.SystemInit) refers to system_stm32f10x.o(i.SetSysClock) for SetSysClock
    led.o(i.LED_Init) refers to stm32f10x_rcc.o(i.RCC_APB2PeriphClockCmd) for RCC_APB2PeriphClockCmd
    led.o(i.LED_Init) refers to stm32f10x_gpio.o(i.GPIO_Init) for GPIO_Init
    led.o(i.LED_Init) refers to stm32f10x_gpio.o(i.GPIO_SetBits) for GPIO_SetBits
    led.o(i.LED_Init) refers to stm32f10x_pwr.o(i.PWR_BackupAccessCmd) for PWR_BackupAccessCmd
    led.o(i.LED_Init) refers to stm32f10x_rcc.o(i.RCC_LSEConfig) for RCC_LSEConfig
    myiic.o(i.IIC_Ack) refers to delay.o(i.delay_us) for delay_us
    myiic.o(i.IIC_Init) refers to stm32f10x_rcc.o(i.RCC_APB2PeriphClockCmd) for RCC_APB2PeriphClockCmd
    myiic.o(i.IIC_Init) refers to stm32f10x_gpio.o(i.GPIO_Init) for GPIO_Init
    myiic.o(i.IIC_NAck) refers to delay.o(i.delay_us) for delay_us
    myiic.o(i.IIC_Read_Byte) refers to delay.o(i.delay_us) for delay_us
    myiic.o(i.IIC_Read_Byte) refers to myiic.o(i.IIC_NAck) for IIC_NAck
    myiic.o(i.IIC_Read_Byte) refers to myiic.o(i.IIC_Ack) for IIC_Ack
    myiic.o(i.IIC_Send_Byte) refers to delay.o(i.delay_us) for delay_us
    myiic.o(i.IIC_Start) refers to delay.o(i.delay_us) for delay_us
    myiic.o(i.IIC_Stop) refers to delay.o(i.delay_us) for delay_us
    myiic.o(i.IIC_Wait_Ack) refers to delay.o(i.delay_us) for delay_us
    myiic.o(i.IIC_Wait_Ack) refers to myiic.o(i.IIC_Stop) for IIC_Stop
    bsp_battery.o(i.BSP_BatteryConfig) refers to stm32f10x_rcc.o(i.RCC_APB2PeriphClockCmd) for RCC_APB2PeriphClockCmd
    bsp_battery.o(i.BSP_BatteryConfig) refers to stm32f10x_gpio.o(i.GPIO_Init) for GPIO_Init
    bsp_battery.o(i.BSP_BatteryConfig) refers to stm32f10x_rcc.o(i.RCC_ADCCLKConfig) for RCC_ADCCLKConfig
    bsp_battery.o(i.BSP_BatteryConfig) refers to stm32f10x_adc.o(i.ADC_DeInit) for ADC_DeInit
    bsp_battery.o(i.BSP_BatteryConfig) refers to stm32f10x_adc.o(i.ADC_Init) for ADC_Init
    bsp_battery.o(i.BSP_BatteryConfig) refers to stm32f10x_adc.o(i.ADC_Cmd) for ADC_Cmd
    bsp_battery.o(i.BSP_BatteryConfig) refers to stm32f10x_adc.o(i.ADC_RegularChannelConfig) for ADC_RegularChannelConfig
    bsp_battery.o(i.BSP_BatteryConfig) refers to stm32f10x_adc.o(i.ADC_ResetCalibration) for ADC_ResetCalibration
    bsp_battery.o(i.BSP_BatteryConfig) refers to stm32f10x_adc.o(i.ADC_GetResetCalibrationStatus) for ADC_GetResetCalibrationStatus
[...]
    x$fpl$ffixu                              0x08006c20   Section       62  ffixu.o(x$fpl$ffixu)
    x$fpl$fflt                               0x08006c60   Section       48  fflt_clz.o(x$fpl$fflt)
    x$fpl$ffltu                              0x08006c90   Section       38  fflt_clz.o(x$fpl$ffltu)
    x$fpl$fleqf                              0x08006cb8   Section      104  fleqf.o(x$fpl$fleqf)
    x$fpl$fmul                               0x08006d20   Section      258  fmul.o(x$fpl$fmul)
    x$fpl$fnaninf                            0x08006e22   Section      140  fnaninf.o(x$fpl$fnaninf)
    x$fpl$fretinf                            0x08006eae   Section       10  fretinf.o(x$fpl$fretinf)
    x$fpl$frleqf                             0x08006eb8   Section       98  frleqf.o(x$fpl$frleqf)
    x$fpl$fsub                               0x08006f1c   Section      234  faddsub_clz.o(x$fpl$fsub)
    _fsub1                                   0x08006f2b   Thumb Code     0  faddsub_clz.o(x$fpl$fsub)
    x$fpl$retnan                             0x08007006   Section      100  retnan.o(x$fpl$retnan)
    x$fpl$scalbn                             0x0800706a   Section       92  scalbn.o(x$fpl$scalbn)
    x$fpl$trapveneer                         0x080070c6   Section       48  trapv.o(x$fpl$trapveneer)
    .constdata                               0x080070f6   Section     2168  oled.o(.constdata)
    x$fpl$usenofp                            0x080070f6   Section        0  usenofp.o(x$fpl$usenofp)
    .constdata                               0x0800796e   Section     3062  inv_mpu_dmp_motion_driver.o(.constdata)
    dmp_memory                               0x0800796e   Data        3062  inv_mpu_dmp_motion_driver.o(.constdata)
    .constdata                               0x08008564   Section       80  inv_mpu.o(.constdata)
    .constdata                               0x080085b4   Section       17  __printf_flags_wp.o(.constdata)
    maptable                                 0x080085b4   Data          17  __printf_flags_wp.o(.constdata)
    .constdata                               0x080085c8   Section       80  asin.o(.constdata)
    pS                                       0x080085c8   Data          48  asin.o(.constdata)
    qS                                       0x080085f8   Data          32  asin.o(.constdata)
    .constdata                               0x08008618   Section      152  atan.o(.constdata)
    atanhi                                   0x08008618   Data          32  atan.o(.constdata)
    atanlo                                   0x08008638   Data          32  atan.o(.constdata)
    aTodd                                    0x08008658   Data          40  atan.o(.constdata)
    aTeven                                   0x08008680   Data          48  atan.o(.constdata)
    .constdata                               0x080086b0   Section        8  qnan.o(.constdata)
    .conststring                             0x080086b8   Section       77  inv_mpu.o(.conststring)
    .data                                    0x20000000   Section       16  main.o(.data)
    SIZE                                     0x20000000   Data           1  main.o(.data)
    Init_Angle                               0x20000004   Data           4  main.o(.data)
    .data                                    0x20000010   Section       20  system_stm32f10x.o(.data)
    .data                                    0x20000024   Section     3421  oled.o(.data)
    SIZE                                     0x20000024   Data           1  oled.o(.data)
    .data                                    0x20000d84   Section       53  inv_mpu.o(.data)
    st                                       0x20000d84   Data          44  inv_mpu.o(.data)
    gyro_orientation                         0x20000db0   Data           9  inv_mpu.o(.data)
    .data                                    0x20000dbc   Section       68  motor_control.o(.data)
    Init_Angle                               0x20000dbc   Data           4  motor_control.o(.data)
    err_sum                                  0x20000dd0   Data           4  motor_control.o(.data)
    sfEncoder_Integral                       0x20000ddc   Data           4  motor_control.o(.data)
    sfTarget_Velocity                        0x20000de0   Data           4  motor_control.o(.data)
    sfBalance_ErrSum                         0x20000de4   Data           4  motor_control.o(.data)
    sfVelocity                               0x20000de8   Data           4  motor_control.o(.data)
    sfEncoder_Least                          0x20000dec   Data           4  motor_control.o(.data)
    sfEncoder                                0x20000df0   Data           4  motor_control.o(.data)
    sfMovement                               0x20000df4   Data           4  motor_control.o(.data)
    flag                                     0x20000df8   Data           2  motor_control.o(.data)
    count0                                   0x20000dfa   Data           2  motor_control.o(.data)
    count1                                   0x20000dfc   Data           2  motor_control.o(.data)
    count2                                   0x20000dfe   Data           2  motor_control.o(.data)
    .data                                    0x20000e00   Section        4  delay.o(.data)
    fac_us                                   0x20000e00   Data           1  delay.o(.data)
    fac_ms                                   0x20000e02   Data           2  delay.o(.data)
    .data                                    0x20000e04   Section       12  usart.o(.data)
    SIZE                                     0x20000e04   Data           1  usart.o(.data)
    Init_Angle                               0x20000e08   Data           4  usart.o(.data)
    .data                                    0x20000e10   Section       20  stm32f10x_rcc.o(.data)
    APBAHBPrescTable                         0x20000e10   Data          16  stm32f10x_rcc.o(.data)
    ADCPrescTable                            0x20000e20   Data           4  stm32f10x_rcc.o(.data)
    .bss                                     0x20000e24   Section       16  inv_mpu_dmp_motion_driver.o(.bss)
    dmp                                      0x20000e24   Data          16  inv_mpu_dmp_motion_driver.o(.bss)
    .bss                                     0x20000e34   Section       84  motor.o(.bss)
    .bss                                     0x20000e88   Section       96  libspace.o(.bss)
    HEAP                                     0x20000ee8   Section      512  startup_stm32f10x_hd.o(HEAP)
    Heap_Mem                                 0x20000ee8   Data         512  startup_stm32f10x_hd.o(HEAP)
    STACK                                    0x200010e8   Section     1024  startup_stm32f10x_hd.o(STACK)
    Stack_Mem                                0x200010e8   Data        1024  startup_stm32f10x_hd.o(STACK)
    __initial_sp                             0x200014e8   Data           0  startup_stm32f10x_hd.o(STACK)

    Global Symbols

    Symbol Name                              Value     Ov Type        Size  Object(Section)

    BuildAttributes$$THM_ISAv4$P$D$K$B$S$PE$A:L22UL41UL21$X:L11$S22US41US21$IEEE1$IW$USESV6$~STKCKD$USESV7$~SHL$OTIME$ROPI$IEEEX$EBA8$UX$STANDARDLIB$REQ8$PRES8$EABIv2 0x00000000   Number         0  anon$$obj.o ABSOLUTE
    __ARM_use_no_argv                        0x00000000   Number         0  main.o ABSOLUTE
    _printf_flags                            0x00000000   Number         0  printf_stubs.o ABSOLUTE
    _printf_return_value                     0x00000000   Number         0  printf_stubs.o ABSOLUTE
    _printf_sizespec                         0x00000000   Number         0  printf_stubs.o ABSOLUTE
    _printf_widthprec                        0x00000000   Number         0  printf_stubs.o ABSOLUTE
    __ARM_exceptions_init                     - Undefined Weak Reference
    __alloca_initialize                       - Undefined Weak Reference
    __arm_preinit_                            - Undefined Weak Reference
    __cpp_initialize__aeabi_                  - Undefined Weak Reference
    __cxa_finalize                            - Undefined Weak Reference
    __rt_locale                               - Undefined Weak Reference
    __sigvec_lookup                           - Undefined Weak Reference
    _atexit_init                              - Undefined Weak Reference
    _call_atexit_fns                          - Undefined Weak Reference
    _clock_init                               - Undefined Weak Reference
    _fp_trap_init                             - Undefined Weak Reference
    _fp_trap_shutdown                         - Undefined Weak Reference
    _get_lc_collate                           - Undefined Weak Reference
    _get_lc_ctype                             - Undefined Weak Reference
    _get_lc_monetary                          - Undefined Weak Reference
    _get_lc_numeric                           - Undefined Weak Reference
    _get_lc_time                              - Undefined Weak Reference
    _getenv_init                              - Undefined Weak Reference
    _handle_redirection                       - Undefined Weak Reference
    _init_alloc                               - Undefined Weak Reference
    _init_user_alloc                          - Undefined Weak Reference
    _initio                                   - Undefined Weak Reference
    _mutex_acquire                            - Undefined Weak Reference
    _mutex_release                            - Undefined Weak Reference
    _printf_mbtowc                            - Undefined Weak Reference
    _printf_truncate_signed                   - Undefined Weak Reference
    _printf_truncate_unsigned                 - Undefined Weak Reference
    _rand_init                                - Undefined Weak Reference
    _signal_finish                            - Undefined Weak Reference
    _signal_init                              - Undefined Weak Reference
    _terminate_alloc                          - Undefined Weak Reference
    _terminate_user_alloc                     - Undefined Weak Reference
    _terminateio                              - Undefined Weak Reference
    __Vectors_Size                           0x00000130   Number         0  startup_stm32f10x_hd.o ABSOLUTE
    __Vectors                                0x08000000   Data           4  startup_stm32f10x_hd.o(RESET)
    __Vectors_End                            0x08000130   Data           0  startup_stm32f10x_hd.o(RESET)
    __main                                   0x08000131   Thumb Code     8  __main.o(!!!main)
    __scatterload                            0x08000139   Thumb Code     0  __scatter.o(!!!scatter)
    __scatterload_rt2                        0x08000139   Thumb Code    44  __scatter.o(!!!scatter)
    __scatterload_rt2_thumb_only             0x08000139   Thumb Code     0  __scatter.o(!!!scatter)
    __scatterload_null                       0x08000147   Thumb Code     0  __scatter.o(!!!scatter)
    __decompress                             0x0800016d   Thumb Code    90  __dczerorl2.o(!!dczerorl2)
    __decompress1                            0x0800016d   Thumb Code     0  __dczerorl2.o(!!dczerorl2)
    __scatterload_zeroinit                   0x080001c9   Thumb Code    28  __scatter_zi.o(!!handler_zi)
    _printf_d                                0x080001e5   Thumb Code     0  _printf_d.o(.ARM.Collect$$_printf_percent$$00000009)
    _printf_percent                          0x080001e5   Thumb Code     0  _printf_percent.o(.ARM.Collect$$_printf_percent$$00000000)
    _printf_percent_end                      0x080001eb   Thumb Code     0  _printf_percent_end.o(.ARM.Collect$$_printf_percent$$00000017)
    __rt_lib_init                            0x080001ef   Thumb Code     0  libinit.o(.ARM.Collect$$libinit$$00000000)
    __rt_lib_init_alloca_1                   0x080001f1   Thumb Code     0  libinit2.o(.ARM.Collect$$libinit$$0000002E)
    __rt_lib_init_argv_1                     0x080001f1   Thumb Code     0  libinit2.o(.ARM.Collect$$libinit$$0000002C)
    __rt_lib_init_atexit_1                   0x080001f1   Thumb Code     0  libinit2.o(.ARM.Collect$$libinit$$0000001B)
    __rt_lib_init_clock_1                    0x080001f1   Thumb Code     0  libinit2.o(.ARM.Collect$$libinit$$00000021)
    __rt_lib_init_cpp_1                      0x080001f1   Thumb Code     0  libinit2.o(.ARM.Collect$$libinit$$00000032)
    __rt_lib_init_exceptions_1               0x080001f1   Thumb Code     0  libinit2.o(.ARM.Collect$$libinit$$00000030)
    __rt_lib_init_fp_1                       0x080001f1   Thumb Code     0  libinit2.o(.ARM.Collect$$libinit$$00000002)
    __rt_lib_init_fp_trap_1                  0x080001f1   Thumb Code     0  libinit2.o(.ARM.Collect$$libinit$$0000001F)
    __rt_lib_init_getenv_1                   0x080001f1   Thumb Code     0  libinit2.o(.ARM.Collect$$libinit$$00000023)
    __rt_lib_init_heap_1                     0x080001f1   Thumb Code     0  libinit2.o(.ARM.Collect$$libinit$$0000000A)
    __rt_lib_init_lc_collate_1               0x080001f1   Thumb Code     0  libinit2.o(.ARM.Collect$$libinit$$00000011)
    __rt_lib_init_lc_ctype_1                 0x080001f1   Thumb Code     0  libinit2.o(.ARM.Collect$$libinit$$00000013)
    __rt_lib_init_lc_monetary_1              0x080001f1   Thumb Code     0  libinit2.o(.ARM.Collect$$libinit$$00000015)
    __rt_lib_init_lc_numeric_1               0x080001f1   Thumb Code     0  libinit2.o(.ARM.Collect$$libinit$$00000017)
    __rt_lib_init_lc_time_1                  0x080001f1   Thumb Code     0  libinit2.o(.ARM.Collect$$libinit$$00000019)
    __rt_lib_init_preinit_1                  0x080001f1   Thumb Code     0  libinit2.o(.ARM.Collect$$libinit$$00000004)
    __rt_lib_init_rand_1                     0x080001f1   Thumb Code     0  libinit2.o(.ARM.Collect$$libinit$$0000000E)
    __rt_lib_init_return                     0x080001f1   Thumb Code     0  libinit2.o(.ARM.Collect$$libinit$$00000033)
    __rt_lib_init_signal_1                   0x080001f1   Thumb Code     0  libinit2.o(.ARM.Collect$$libinit$$0000001D)
    __rt_lib_init_stdio_1                    0x080001f1   Thumb Code     0  libinit2.o(.ARM.Collect$$libinit$$00000025)
    __rt_lib_init_user_alloc_1               0x080001f1   Thumb Code     0  libinit2.o(.ARM.Collect$$libinit$$0000000C)
    __rt_lib_shutdown                        0x080001f3   Thumb Code     0  libshutdown.o(.ARM.Collect$$libshutdown$$00000000)
    __rt_lib_shutdown_cpp_1                  0x080001f5   Thumb Code     0  libshutdown2.o(.ARM.Collect$$libshutdown$$00000002)
    __rt_lib_shutdown_fp_trap_1              0x080001f5   Thumb Code     0  libshutdown2.o(.ARM.Collect$$libshutdown$$00000007)
    __rt_lib_shutdown_heap_1                 0x080001f5   Thumb Code     0  libshutdown2.o(.ARM.Collect$$libshutdown$$0000000F)
    __rt_lib_shutdown_return                 0x080001f5   Thumb Code     0  libshutdown2.o(.ARM.Collect$$libshutdown$$00000010)
    __rt_lib_shutdown_signal_1               0x080001f5   Thumb Code     0  libshutdown2.o(.ARM.Collect$$libshutdown$$0000000A)
    __rt_lib_shutdown_stdio_1                0x080001f5   Thumb Code     0  libshutdown2.o(.ARM.Collect$$libshutdown$$00000004)
    __rt_lib_shutdown_user_alloc_1           0x080001f5   Thumb Code     0  libshutdown2.o(.ARM.Collect$$libshutdown$$0000000C)
    __rt_entry                               0x080001f7   Thumb Code     0  __rtentry.o(.ARM.Collect$$rtentry$$00000000)
    __rt_entry_presh_1                       0x080001f7   Thumb Code     0  __rtentry2.o(.ARM.Collect$$rtentry$$00000002)
    __rt_entry_sh                            0x080001f7   Thumb Code     0  __rtentry4.o(.ARM.Collect$$rtentry$$00000004)
    __rt_entry_li                            0x080001fd   Thumb Code     0  __rtentry2.o(.ARM.Collect$$rtentry$$0000000A)
    __rt_entry_postsh_1                      0x080001fd   Thumb Code     0  __rtentry2.o(.ARM.Collect$$rtentry$$00000009)
    __rt_entry_main                          0x08000201   Thumb Code     0  __rtentry2.o(.ARM.Collect$$rtentry$$0000000D)
    __rt_entry_postli_1                      0x08000201   Thumb Code     0  __rtentry2.o(.ARM.Collect$$rtentry$$0000000C)
    __rt_exit                                0x08000209   Thumb Code     0  rtexit.o(.ARM.Collect$$rtexit$$00000000)
    __rt_exit_ls                             0x0800020b   Thumb Code     0  rtexit2.o(.ARM.Collect$$rtexit$$00000003)
    __rt_exit_prels_1                        0x0800020b   Thumb Code     0  rtexit2.o(.ARM.Collect$$rtexit$$00000002)
    __rt_exit_exit                           0x0800020f   Thumb Code     0  rtexit2.o(.ARM.Collect$$rtexit$$00000004)
    Reset_Handler                            0x08000215   Thumb Code     8  startup_stm32f10x_hd.o(.text)
    ADC1_2_IRQHandler                        0x0800022f   Thumb Code     0  startup_stm32f10x_hd.o(.text)
    ADC3_IRQHandler                          0x0800022f   Thumb Code     0  startup_stm32f10x_hd.o(.text)
    CAN1_RX1_IRQHandler                      0x0800022f   Thumb Code     0  startup_stm32f10x_hd.o(.text)
    CAN1_SCE_IRQHandler                      0x0800022f   Thumb Code     0  startup_stm32f10x_hd.o(.text)
    DMA1_Channel1_IRQHandler                 0x0800022f   Thumb Code     0  startup_stm32f10x_hd.o(.text)
    DMA1_Channel2_IRQHandler                 0x0800022f   Thumb Code     0  startup_stm32f10x_hd.o(.text)
    DMA1_Channel3_IRQHandler                 0x0800022f   Thumb Code     0  startup_stm32f10x_hd.o(.text)
    DMA1_Channel4_IRQHandler                 0x0800022f   Thumb Code     0  startup_stm32f10x_hd.o(.text)
    DMA1_Channel5_IRQHandler                 0x0800022f   Thumb Code     0  startup_stm32f10x_hd.o(.text)
    DMA1_Channel6_IRQHandler                 0x0800022f   Thumb Code     0  startup_stm32f10x_hd.o(.text)
    DMA1_Channel7_IRQHandler                 0x0800022f   Thumb Code     0  startup_stm32f10x_hd.o(.text)
    DMA2_Channel1_IRQHandler                 0x0800022f   Thumb Code     0  startup_stm32f10x_hd.o(.text)
    DMA2_Channel2_IRQHandler                 0x0800022f   Thumb Code     0  startup_stm32f10x_hd.o(.text)
    DMA2_Channel3_IRQHandler                 0x0800022f   Thumb Code     0  startup_stm32f10x_hd.o(.text)
    DMA2_Channel4_5_IRQHandler               0x0800022f   Thumb Code     0  startup_stm32f10x_hd.o(.text)
    EXTI0_IRQHandler                         0x0800022f   Thumb Code     0  startup_stm32f10x_hd.o(.text)
    EXTI1_IRQHandler                         0x0800022f   Thumb Code     0  startup_stm32f10x_hd.o(.text)
    EXTI2_IRQHandler                         0x0800022f   Thumb Code     0  startup_stm32f10x_hd.o(.text)
    EXTI3_IRQHandler                         0x0800022f   Thumb Code     0  startup_stm32f10x_hd.o(.text)
    EXTI4_IRQHandler                         0x0800022f   Thumb Code     0  startup_stm32f10x_hd.o(.text)
    EXTI9_5_IRQHandler                       0x0800022f   Thumb Code     0  startup_stm32f10x_hd.o(.text)
    FLASH_IRQHandler                         0x0800022f   Thumb Code     0  startup_stm32f10x_hd.o(.text)
    FSMC_IRQHandler                          0x0800022f   Thumb Code     0  startup_stm32f10x_hd.o(.text)
    I2C1_ER_IRQHandler                       0x0800022f   Thumb Code     0  startup_stm32f10x_hd.o(.text)
    I2C1_EV_IRQHandler                       0x0800022f   Thumb Code     0  startup_stm32f10x_hd.o(.text)
    I2C2_ER_IRQHandler                       0x0800022f   Thumb Code     0  startup_stm32f10x_hd.o(.text)
    I2C2_EV_IRQHandler                       0x0800022f   Thumb Code     0  startup_stm32f10x_hd.o(.text)
    PVD_IRQHandler                           0x0800022f   Thumb Code     0  startup_stm32f10x_hd.o(.text)
    RCC_IRQHandler                           0x0800022f   Thumb Code     0  startup_stm32f10x_hd.o(.text)
    RTCAlarm_IRQHandler                      0x0800022f   Thumb Code     0  startup_stm32f10x_hd.o(.text)
    RTC_IRQHandler                           0x0800022f   Thumb Code     0  startup_stm32f10x_hd.o(.text)
    SDIO_IRQHandler                          0x0800022f   Thumb Code     0  startup_stm32f10x_hd.o(.text)
    SPI1_IRQHandler                          0x0800022f   Thumb Code     0  startup_stm32f10x_hd.o(.text)
    SPI2_IRQHandler                          0x0800022f   Thumb Code     0  startup_stm32f10x_hd.o(.text)
    SPI3_IRQHandler                          0x0800022f   Thumb Code     0  startup_stm32f10x_hd.o(.text)
    TAMPER_IRQHandler                        0x0800022f   Thumb Code     0  startup_stm32f10x_hd.o(.text)
    TIM1_BRK_IRQHandler                      0x0800022f   Thumb Code     0  startup_stm32f10x_hd.o(.text)
    TIM1_CC_IRQHandler                       0x0800022f   Thumb Code     0  startup_stm32f10x_hd.o(.text)
    TIM1_TRG_COM_IRQHandler                  0x0800022f   Thumb Code     0  startup_stm32f10x_hd.o(.text)
    TIM1_UP_IRQHandler                       0x0800022f   Thumb Code     0  startup_stm32f10x_hd.o(.text)
    TIM5_IRQHandler                          0x0800022f   Thumb Code     0  startup_stm32f10x_hd.o(.text)
    TIM6_IRQHandler                          0x0800022f   Thumb Code     0  startup_stm32f10x_hd.o(.text)
    TIM7_IRQHandler                          0x0800022f   Thumb Code     0  startup_stm32f10x_hd.o(.text)
    TIM8_BRK_IRQHandler                      0x0800022f   Thumb Code     0  startup_stm32f10x_hd.o(.text)
    TIM8_CC_IRQHandler                       0x0800022f   Thumb Code     0  startup_stm32f10x_hd.o(.text)
    TIM8_TRG_COM_IRQHandler                  0x0800022f   Thumb Code     0  startup_stm32f10x_hd.o(.text)
    TIM8_UP_IRQHandler                       0x0800022f   Thumb Code     0  startup_stm32f10x_hd.o(.text)
    UART4_IRQHandler                         0x0800022f   Thumb Code     0  startup_stm32f10x_hd.o(.text)
    UART5_IRQHandler                         0x0800022f   Thumb Code     0  startup_stm32f10x_hd.o(.text)
    USART1_IRQHandler                        0x0800022f   Thumb Code     0  startup_stm32f10x_hd.o(.text)
    USART2_IRQHandler                        0x0800022f   Thumb Code     0  startup_stm32f10x_hd.o(.text)
    USBWakeUp_IRQHandler                     0x0800022f   Thumb Code     0  startup_stm32f10x_hd.o(.text)
    USB_HP_CAN1_TX_IRQHandler                0x0800022f   Thumb Code     0  startup_stm32f10x_hd.o(.text)
    USB_LP_CAN1_RX0_IRQHandler               0x0800022f   Thumb Code     0  startup_stm32f10x_hd.o(.text)
    WWDG_IRQHandler                          0x0800022f   Thumb Code     0  startup_stm32f10x_hd.o(.text)
    __user_initial_stackheap                 0x08000231   Thumb Code     0  startup_stm32f10x_hd.o(.text)
    __use_no_semihosting                     0x08000255   Thumb Code     2  use_no_semi_2.o(.text)
    __aeabi_ldivmod                          0x08000257   Thumb Code     0  llsdiv.o(.text)
    _ll_sdiv                                 0x08000257   Thumb Code    72  llsdiv.o(.text)
    __2printf                                0x080002a1   Thumb Code    20  noretval__2printf.o(.text)
    _printf_int_dec                          0x080002b9   Thumb Code   104  _printf_dec.o(.text)
    __printf                                 0x08000331   Thumb Code   308  __printf_flags_wp.o(.text)
    memcmp                                   0x08000469   Thumb Code    88  memcmp.o(.text)
    __aeabi_memset                           0x080004c1   Thumb Code    16  aeabi_memset.o(.text)
    __use_two_region_memory                  0x080004d1   Thumb Code     2  heapauxi.o(.text)
    __rt_heap_escrow$2region                 0x080004d3   Thumb Code     2  heapauxi.o(.text)
    __rt_heap_expand$2region                 0x080004d5   Thumb Code     2  heapauxi.o(.text)
    __I$use$semihosting                      0x080004d7   Thumb Code     0  use_no_semi.o(.text)
    __use_no_semihosting_swi                 0x080004d7   Thumb Code     2  use_no_semi.o(.text)
    __aeabi_uldivmod                         0x080004d9   Thumb Code     0  lludivv7m.o(.text)
    _ll_udiv                                 0x080004d9   Thumb Code   238  lludivv7m.o(.text)
    __read_errno                             0x080005c7   Thumb Code    10  _rserrno.o(.text)
    __set_errno                              0x080005d1   Thumb Code    12  _rserrno.o(.text)
    _printf_int_common                       0x080005dd   Thumb Code   178  _printf_intcommon.o(.text)
    _printf_char_common                      0x0800069b   Thumb Code    32  _printf_char_common.o(.text)
    _printf_char_file                        0x080006c1   Thumb Code    32  _printf_char_file.o(.text)
    __aeabi_memclr                           0x080006e5   Thumb Code     0  rt_memclr.o(.text)
    __rt_memclr                              0x080006e5   Thumb Code    68  rt_memclr.o(.text)
    _memset                                  0x080006e9   Thumb Code     0  rt_memclr.o(.text)
    __aeabi_errno_addr                       0x08000729   Thumb Code     8  rt_errno_addr_intlibspace.o(.text)
    __errno$intlibspace                      0x08000729   Thumb Code     0  rt_errno_addr_intlibspace.o(.text)
    __rt_errno_addr$intlibspace              0x08000729   Thumb Code     0  rt_errno_addr_intlibspace.o(.text)
    ferror                                   0x08000731   Thumb Code     8  ferror.o(.text)
    __aeabi_memclr4                          0x08000739   Thumb Code     0  rt_memclr_w.o(.text)
    __aeabi_memclr8                          0x08000739   Thumb Code     0  rt_memclr_w.o(.text)
    __rt_memclr_w                            0x08000739   Thumb Code    78  rt_memclr_w.o(.text)
    _memset_w                                0x0800073d   Thumb Code     0  rt_memclr_w.o(.text)
    __user_libspace                          0x08000789   Thumb Code     8  libspace.o(.text)
    __user_perproc_libspace                  0x08000789   Thumb Code     0  libspace.o(.text)
    __user_perthread_libspace                0x08000789   Thumb Code     0  libspace.o(.text)
    __user_setup_stackheap                   0x08000791   Thumb Code    74  sys_stackheap_outer.o(.text)
    exit                                     0x080007db   Thumb Code    18  exit.o(.text)
    ADC_Cmd                                  0x080007ed   Thumb Code    22  stm32f10x_adc.o(i.ADC_Cmd)
    ADC_DeInit                               0x08000805   Thumb Code    78  stm32f10x_adc.o(i.ADC_DeInit)
    ADC_GetCalibrationStatus                 0x08000861   Thumb Code    20  stm32f10x_adc.o(i.ADC_GetCalibrationStatus)
    ADC_GetConversionValue                   0x08000875   Thumb Code     8  stm32f10x_adc.o(i.ADC_GetConversionValue)
    ADC_GetFlagStatus                        0x0800087d   Thumb Code    18  stm32f10x_adc.o(i.ADC_GetFlagStatus)
    ADC_GetResetCalibrationStatus            0x0800088f   Thumb Code    20  stm32f10x_adc.o(i.ADC_GetResetCalibrationStatus)
    ADC_Init                                 0x080008a5   Thumb Code    70  stm32f10x_adc.o(i.ADC_Init)
    ADC_RegularChannelConfig                 0x080008f5   Thumb Code   184  stm32f10x_adc.o(i.ADC_RegularChannelConfig)
    ADC_ResetCalibration                     0x080009ad   Thumb Code    10  stm32f10x_adc.o(i.ADC_ResetCalibration)
    ADC_SoftwareStartConvCmd                 0x080009b7   Thumb Code    22  stm32f10x_adc.o(i.ADC_SoftwareStartConvCmd)
    ADC_StartCalibration                     0x080009cd   Thumb Code    10  stm32f10x_adc.o(i.ADC_StartCalibration)
    BSP_BatteryConfig                        0x080009d9   Thumb Code   152  bsp_battery.o(i.BSP_BatteryConfig)
    BSP_GetBatteryValue                      0x08000a79   Thumb Code    68  bsp_battery.o(i.BSP_GetBatteryValue)
    Balance_PID                              0x08000ac9   Thumb Code   138  motor_control.o(i.Balance_PID)
    BusFault_Handler                         0x08000b65   Thumb Code     4  stm32f10x_it.o(i.BusFault_Handler)
    DebugMon_Handler                         0x08000b69   Thumb Code     2  stm32f10x_it.o(i.DebugMon_Handler)
    EXTI15_10_IRQHandler                     0x08000b6d   Thumb Code   350  motor_control.o(i.EXTI15_10_IRQHandler)
    EXTI_ClearITPendingBit                   0x08000d01   Thumb Code     6  stm32f10x_exti.o(i.EXTI_ClearITPendingBit)
    EXTI_Init                                0x08000d0d   Thumb Code   142  stm32f10x_exti.o(i.EXTI_Init)
    Encoder_Init_TIM3                        0x08000da1   Thumb Code   148  encoder.o(i.Encoder_Init_TIM3)
    Encoder_Init_TIM4                        0x08000e3d   Thumb Code   148  encoder.o(i.Encoder_Init_TIM4)
    GPIO_EXTILineConfig                      0x08000ed9   Thumb Code    60  stm32f10x_gpio.o(i.GPIO_EXTILineConfig)
    GPIO_Init                                0x08000f19   Thumb Code   278  stm32f10x_gpio.o(i.GPIO_Init)
    GPIO_PinRemapConfig                      0x08001031   Thumb Code   138  stm32f10x_gpio.o(i.GPIO_PinRemapConfig)
    GPIO_ResetBits                           0x080010c1   Thumb Code     4  stm32f10x_gpio.o(i.GPIO_ResetBits)
    GPIO_SetBits                             0x080010c5   Thumb Code     4  stm32f10x_gpio.o(i.GPIO_SetBits)
    HardFault_Handler                        0x080010c9   Thumb Code     4  stm32f10x_it.o(i.HardFault_Handler)
    IIC_Ack                                  0x080010cd   Thumb Code    66  myiic.o(i.IIC_Ack)
    IIC_Init                                 0x0800111d   Thumb Code    50  myiic.o(i.IIC_Init)
    IIC_NAck                                 0x0800115d   Thumb Code    66  myiic.o(i.IIC_NAck)
    IIC_Read_Byte                            0x080011ad   Thumb Code    98  myiic.o(i.IIC_Read_Byte)
    IIC_Send_Byte                            0x0800121d   Thumb Code    90  myiic.o(i.IIC_Send_Byte)
    IIC_Start                                0x08001285   Thumb Code    64  myiic.o(i.IIC_Start)
    IIC_Stop                                 0x080012d1   Thumb Code    62  myiic.o(i.IIC_Stop)
    IIC_Wait_Ack                             0x0800131d   Thumb Code    86  myiic.o(i.IIC_Wait_Ack)
    LED_Init                                 0x08001381   Thumb Code    76  led.o(i.LED_Init)
    MPU_EXTI_Init                            0x080013d9   Thumb Code   108  mpu6050.o(i.MPU_EXTI_Init)
    MPU_Get_Accelerometer                    0x08001449   Thumb Code    80  mpu6050.o(i.MPU_Get_Accelerometer)
    MPU_Get_Gyroscope                        0x08001499   Thumb Code    80  mpu6050.o(i.MPU_Get_Gyroscope)
    MPU_Init                                 0x080014e9   Thumb Code   122  mpu6050.o(i.MPU_Init)
    MPU_Read_Byte                            0x08001563   Thumb Code    58  mpu6050.o(i.MPU_Read_Byte)
    MPU_Read_Len                             0x0800159d   Thumb Code   116  mpu6050.o(i.MPU_Read_Len)
    MPU_Set_Accel_Fsr                        0x08001611   Thumb Code    16  mpu6050.o(i.MPU_Set_Accel_Fsr)
    MPU_Set_Gyro_Fsr                         0x08001621   Thumb Code    16  mpu6050.o(i.MPU_Set_Gyro_Fsr)
    MPU_Set_LPF                              0x08001631   Thumb Code    58  mpu6050.o(i.MPU_Set_LPF)
    MPU_Set_Rate                             0x0800166b   Thumb Code    58  mpu6050.o(i.MPU_Set_Rate)
    MPU_Write_Byte                           0x080016a5   Thumb Code    68  mpu6050.o(i.MPU_Write_Byte)
    MPU_Write_Len                            0x080016e9   Thumb Code    96  mpu6050.o(i.MPU_Write_Len)
    MemManage_Handler                        0x08001749   Thumb Code     4  stm32f10x_it.o(i.MemManage_Handler)
    Motor_Config                             0x0800174d   Thumb Code    92  motor.o(i.Motor_Config)
    Motor_SetPwm                             0x080017b9   Thumb Code   122  motor.o(i.Motor_SetPwm)
    NMI_Handler                              0x08001841   Thumb Code     2  stm32f10x_it.o(i.NMI_Handler)
    NVIC_Init                                0x08001845   Thumb Code   100  misc.o(i.NVIC_Init)
    OLED_Clear                               0x080018b5   Thumb Code    64  oled.o(i.OLED_Clear)
    OLED_Config                              0x080018f5   Thumb Code   336  oled.o(i.OLED_Config)
    OLED_SetFontSize                         0x08001a51   Thumb Code     6  oled.o(i.OLED_SetFontSize)
    OLED_Set_Pos                             0x08001a5d   Thumb Code    46  oled.o(i.OLED_Set_Pos)
    OLED_ShowChar                            0x08001a8d   Thumb Code   296  oled.o(i.OLED_ShowChar)
    OLED_ShowNum                             0x08001bc5   Thumb Code   132  oled.o(i.OLED_ShowNum)
    OLED_ShowString                          0x08001c49   Thumb Code    70  oled.o(i.OLED_ShowString)
    OLED_WR_Byte                             0x08001c95   Thumb Code   116  oled.o(i.OLED_WR_Byte)
    PWR_BackupAccessCmd                      0x08001d0d   Thumb Code     6  stm32f10x_pwr.o(i.PWR_BackupAccessCmd)
    PendSV_Handler                           0x08001d19   Thumb Code     2  stm32f10x_it.o(i.PendSV_Handler)
    Pick_Up                                  0x08001d1d   Thumb Code   202  motor_control.o(i.Pick_Up)
    RCC_ADCCLKConfig                         0x08001e05   Thumb Code    18  stm32f10x_rcc.o(i.RCC_ADCCLKConfig)
    RCC_APB1PeriphClockCmd                   0x08001e1d   Thumb Code    26  stm32f10x_rcc.o(i.RCC_APB1PeriphClockCmd)
    RCC_APB2PeriphClockCmd                   0x08001e3d   Thumb Code    26  stm32f10x_rcc.o(i.RCC_APB2PeriphClockCmd)
    RCC_APB2PeriphResetCmd                   0x08001e5d   Thumb Code    26  stm32f10x_rcc.o(i.RCC_APB2PeriphResetCmd)
    RCC_GetClocksFreq                        0x08001e7d   Thumb Code   192  stm32f10x_rcc.o(i.RCC_GetClocksFreq)
    RCC_LSEConfig                            0x08001f51   Thumb Code    46  stm32f10x_rcc.o(i.RCC_LSEConfig)
    Read_Encoder                             0x08001f85   Thumb Code    48  encoder.o(i.Read_Encoder)
    SVC_Handler                              0x08001fbd   Thumb Code     2  stm32f10x_it.o(i.SVC_Handler)
    SysTick_CLKSourceConfig                  0x080020a9   Thumb Code    40  misc.o(i.SysTick_CLKSourceConfig)
    SysTick_Handler                          0x080020d1   Thumb Code     2  stm32f10x_it.o(i.SysTick_Handler)
    SystemInit                               0x080020d5   Thumb Code    78  system_stm32f10x.o(i.SystemInit)
    System_Config                            0x08002135   Thumb Code   348  main.o(i.System_Config)
    TIM2_IRQHandler                          0x0800255d   Thumb Code    54  timer.o(i.TIM2_IRQHandler)
    TIM2_PWM_Config                          0x080025a1   Thumb Code   202  motor.o(i.TIM2_PWM_Config)
    TIM3_IRQHandler                          0x08002679   Thumb Code    18  encoder.o(i.TIM3_IRQHandler)
    TIM4_IRQHandler                          0x08002691   Thumb Code    18  encoder.o(i.TIM4_IRQHandler)
    TIM_ARRPreloadConfig                     0x080026a9   Thumb Code    24  stm32f10x_tim.o(i.TIM_ARRPreloadConfig)
    TIM_ClearFlag                            0x080026c1   Thumb Code     6  stm32f10x_tim.o(i.TIM_ClearFlag)
    TIM_ClearITPendingBit                    0x080026c7   Thumb Code     6  stm32f10x_tim.o(i.TIM_ClearITPendingBit)
    TIM_Cmd                                  0x080026cd   Thumb Code    24  stm32f10x_tim.o(i.TIM_Cmd)
    TIM_CtrlPWMOutputs                       0x080026e5   Thumb Code    30  stm32f10x_tim.o(i.TIM_CtrlPWMOutputs)
    TIM_EncoderInterfaceConfig               0x08002703   Thumb Code    66  stm32f10x_tim.o(i.TIM_EncoderInterfaceConfig)
    TIM_GetITStatus                          0x08002745   Thumb Code    34  stm32f10x_tim.o(i.TIM_GetITStatus)
    TIM_ICInit                               0x08002769   Thumb Code   150  stm32f10x_tim.o(i.TIM_ICInit)
    TIM_ICStructInit                         0x08002815   Thumb Code    18  stm32f10x_tim.o(i.TIM_ICStructInit)
    TIM_ITConfig                             0x08002827   Thumb Code    18  stm32f10x_tim.o(i.TIM_ITConfig)
    TIM_OC1Init                              0x08002839   Thumb Code   132  stm32f10x_tim.o(i.TIM_OC1Init)
    TIM_OC1PreloadConfig                     0x080028d1   Thumb Code    18  stm32f10x_tim.o(i.TIM_OC1PreloadConfig)
    TIM_OC4Init                              0x080028e5   Thumb Code   114  stm32f10x_tim.o(i.TIM_OC4Init)
    TIM_OC4PreloadConfig                     0x08002961   Thumb Code    26  stm32f10x_tim.o(i.TIM_OC4PreloadConfig)
    TIM_SetCompare1                          0x0800297b   Thumb Code     4  stm32f10x_tim.o(i.TIM_SetCompare1)
    TIM_SetCompare4                          0x0800297f   Thumb Code     6  stm32f10x_tim.o(i.TIM_SetCompare4)
    TIM_SetCounter                           0x08002985   Thumb Code     4  stm32f10x_tim.o(i.TIM_SetCounter)
    TIM_SetIC1Prescaler                      0x08002989   Thumb Code    18  stm32f10x_tim.o(i.TIM_SetIC1Prescaler)
    TIM_SetIC2Prescaler                      0x0800299b   Thumb Code    26  stm32f10x_tim.o(i.TIM_SetIC2Prescaler)
    TIM_SetIC3Prescaler                      0x080029b5   Thumb Code    18  stm32f10x_tim.o(i.TIM_SetIC3Prescaler)
    TIM_SetIC4Prescaler                      0x080029c7   Thumb Code    26  stm32f10x_tim.o(i.TIM_SetIC4Prescaler)
    TIM_TimeBaseInit                         0x080029e1   Thumb Code   122  stm32f10x_tim.o(i.TIM_TimeBaseInit)
    TIM_TimeBaseStructInit                   0x08002a85   Thumb Code    18  stm32f10x_tim.o(i.TIM_TimeBaseStructInit)
    USART3_IRQHandler                        0x08002a99   Thumb Code    68  usart.o(i.USART3_IRQHandler)
    USART_Cmd                                0x08002ae5   Thumb Code    24  stm32f10x_usart.o(i.USART_Cmd)
    USART_GetITStatus                        0x08002afd   Thumb Code    84  stm32f10x_usart.o(i.USART_GetITStatus)
    USART_ITConfig                           0x08002b51   Thumb Code    74  stm32f10x_usart.o(i.USART_ITConfig)
    USART_Init                               0x08002b9d   Thumb Code   210  stm32f10x_usart.o(i.USART_Init)
    USART_ReceiveData                        0x08002c75   Thumb Code    10  stm32f10x_usart.o(i.USART_ReceiveData)
    UsageFault_Handler                       0x08002c7f   Thumb Code     4  stm32f10x_it.o(i.UsageFault_Handler)
    Velocity_PID                             0x08002c85   Thumb Code   270  motor_control.o(i.Velocity_PID)
    __ARM_fpclassify                         0x08002dc1   Thumb Code    40  fpclassify.o(i.__ARM_fpclassify)
    __kernel_poly                            0x08002de9   Thumb Code   170  poly.o(i.__kernel_poly)
    __mathlib_dbl_infnan                     0x08002e93   Thumb Code     6  dunder.o(i.__mathlib_dbl_infnan)
    __mathlib_dbl_infnan2                    0x08002e99   Thumb Code     4  dunder.o(i.__mathlib_dbl_infnan2)
    __mathlib_dbl_invalid                    0x08002e9d   Thumb Code    12  dunder.o(i.__mathlib_dbl_invalid)
    __mathlib_dbl_underflow                  0x08002ea9   Thumb Code    10  dunder.o(i.__mathlib_dbl_underflow)
    _is_digit                                0x08002eb9   Thumb Code    14  __printf_wp.o(i._is_digit)
    _sys_exit                                0x08002ec7   Thumb Code     4  usart.o(i._sys_exit)
    asin                                     0x08002f75   Thumb Code   572  asin.o(i.asin)
    atan                                     0x080031e5   Thumb Code   474  atan.o(i.atan)
    atan2                                    0x08003405   Thumb Code   346  atan2.o(i.atan2)
    delay_init                               0x080035e9   Thumb Code    50  delay.o(i.delay_init)
    delay_ms                                 0x0800362d   Thumb Code    72  delay.o(i.delay_ms)
    delay_us                                 0x08003679   Thumb Code    72  delay.o(i.delay_us)
    dmp_enable_6x_lp_quat                    0x080036c5   Thumb Code    60  inv_mpu_dmp_motion_driver.o(i.dmp_enable_6x_lp_quat)
    dmp_enable_feature                       0x08003701   Thumb Code   530  inv_mpu_dmp_motion_driver.o(i.dmp_enable_feature)
    dmp_enable_gyro_cal                      0x0800391d   Thumb Code    62  inv_mpu_dmp_motion_driver.o(i.dmp_enable_gyro_cal)
    dmp_enable_lp_quat                       0x08003975   Thumb Code    60  inv_mpu_dmp_motion_driver.o(i.dmp_enable_lp_quat)
    dmp_load_motion_driver_firmware          0x080039b1   Thumb Code    20  inv_mpu_dmp_motion_driver.o(i.dmp_load_motion_driver_firmware)
    dmp_read_fifo                            0x080039c9   Thumb Code   456  inv_mpu_dmp_motion_driver.o(i.dmp_read_fifo)
    dmp_set_fifo_rate                        0x08003b95   Thumb Code    96  inv_mpu_dmp_motion_driver.o(i.dmp_set_fifo_rate)
    dmp_set_gyro_bias                        0x08003c05   Thumb Code   294  inv_mpu_dmp_motion_driver.o(i.dmp_set_gyro_bias)
    dmp_set_orientation                      0x08003d35   Thumb Code   290  inv_mpu_dmp_motion_driver.o(i.dmp_set_orientation)
    dmp_set_shake_reject_thresh              0x08003e6d   Thumb Code    56  inv_mpu_dmp_motion_driver.o(i.dmp_set_shake_reject_thresh)
    dmp_set_shake_reject_time                0x08003ea5   Thumb Code    38  inv_mpu_dmp_motion_driver.o(i.dmp_set_shake_reject_time)
    dmp_set_shake_reject_timeout             0x08003ecb   Thumb Code    38  inv_mpu_dmp_motion_driver.o(i.dmp_set_shake_reject_timeout)
    dmp_set_tap_axes                         0x08003ef1   Thumb Code    70  inv_mpu_dmp_motion_driver.o(i.dmp_set_tap_axes)
    dmp_set_tap_count                        0x08003f37   Thumb Code    38  inv_mpu_dmp_motion_driver.o(i.dmp_set_tap_count)
    dmp_set_tap_thresh                       0x08003f5d   Thumb Code   396  inv_mpu_dmp_motion_driver.o(i.dmp_set_tap_thresh)
    dmp_set_tap_time                         0x080040fd   Thumb Code    38  inv_mpu_dmp_motion_driver.o(i.dmp_set_tap_time)
    dmp_set_tap_time_multi                   0x08004123   Thumb Code    38  inv_mpu_dmp_motion_driver.o(i.dmp_set_tap_time_multi)
    fputc                                    0x08004149   Thumb Code    24  usart.o(i.fputc)
    inv_orientation_matrix_to_scalar         0x08004799   Thumb Code    40  inv_mpu.o(i.inv_orientation_matrix_to_scalar)
    inv_row_2_scale                          0x080047c1   Thumb Code    78  inv_mpu.o(i.inv_row_2_scale)
    main                                     0x08004811   Thumb Code   302  main.o(i.main)
    mget_ms                                  0x08004991   Thumb Code     2  inv_mpu.o(i.mget_ms)
    mpu_configure_fifo                       0x08004995   Thumb Code   106  inv_mpu.o(i.mpu_configure_fifo)
    mpu_dmp_get_data                         0x08004a05   Thumb Code   544  inv_mpu.o(i.mpu_dmp_get_data)
    mpu_dmp_init                             0x08004c29   Thumb Code   150  inv_mpu.o(i.mpu_dmp_init)
    mpu_get_accel_fsr                        0x08004cc5   Thumb Code    72  inv_mpu.o(i.mpu_get_accel_fsr)
    mpu_get_accel_sens                       0x08004d11   Thumb Code    78  inv_mpu.o(i.mpu_get_accel_sens)
    mpu_get_fifo_config                      0x08004d65   Thumb Code    12  inv_mpu.o(i.mpu_get_fifo_config)
    mpu_get_gyro_fsr                         0x08004d75   Thumb Code    64  inv_mpu.o(i.mpu_get_gyro_fsr)
    mpu_get_gyro_sens                        0x08004db9   Thumb Code    58  inv_mpu.o(i.mpu_get_gyro_sens)
    mpu_get_lpf                              0x08004e09   Thumb Code    74  inv_mpu.o(i.mpu_get_lpf)
    mpu_get_sample_rate                      0x08004e59   Thumb Code    26  inv_mpu.o(i.mpu_get_sample_rate)
    mpu_init                                 0x08004e79   Thumb Code   416  inv_mpu.o(i.mpu_init)
    mpu_load_firmware                        0x08005069   Thumb Code   180  inv_mpu.o(i.mpu_load_firmware)
    mpu_lp_accel_mode                        0x08005121   Thumb Code   218  inv_mpu.o(i.mpu_lp_accel_mode)
    mpu_read_fifo_stream                     0x08005201   Thumb Code   186  inv_mpu.o(i.mpu_read_fifo_stream)
    mpu_read_mem                             0x080052c1   Thumb Code   122  inv_mpu.o(i.mpu_read_mem)
    mpu_reset_fifo                           0x08005341   Thumb Code   450  inv_mpu.o(i.mpu_reset_fifo)
    mpu_run_self_test                        0x08005509   Thumb Code   278  inv_mpu.o(i.mpu_run_self_test)
    mpu_set_accel_fsr                        0x08005625   Thumb Code   126  inv_mpu.o(i.mpu_set_accel_fsr)
    mpu_set_bypass                           0x080056a9   Thumb Code   328  inv_mpu.o(i.mpu_set_bypass)
    mpu_set_dmp_state                        0x080057f5   Thumb Code   138  inv_mpu.o(i.mpu_set_dmp_state)
    mpu_set_gyro_fsr                         0x08005885   Thumb Code   132  inv_mpu.o(i.mpu_set_gyro_fsr)
    mpu_set_int_latched                      0x0800590d   Thumb Code   102  inv_mpu.o(i.mpu_set_int_latched)
    mpu_set_lpf                              0x08005979   Thumb Code   126  inv_mpu.o(i.mpu_set_lpf)
    mpu_set_sample_rate                      0x080059fd   Thumb Code   152  inv_mpu.o(i.mpu_set_sample_rate)
    mpu_set_sensors                          0x08005a99   Thumb Code   202  inv_mpu.o(i.mpu_set_sensors)
    mpu_write_mem                            0x08005b69   Thumb Code   122  inv_mpu.o(i.mpu_write_mem)
    myabs                                    0x08005be9   Thumb Code    14  motor_control.o(i.myabs)
    oled_pow                                 0x08005bf7   Thumb Code    22  oled.o(i.oled_pow)
    run_self_test                            0x08005c0d   Thumb Code   142  inv_mpu.o(i.run_self_test)
    sqrt                                     0x08005d2d   Thumb Code    76  sqrt.o(i.sqrt)
    uart_init                                0x08005d79   Thumb Code   158  usart.o(i.uart_init)
    __aeabi_d2f                              0x08005e21   Thumb Code     0  d2f.o(x$fpl$d2f)
    _d2f                                     0x08005e21   Thumb Code    98  d2f.o(x$fpl$d2f)
    __aeabi_dadd                             0x08005e85   Thumb Code     0  daddsub_clz.o(x$fpl$dadd)
    _dadd                                    0x08005e85   Thumb Code   332  daddsub_clz.o(x$fpl$dadd)
    __fpl_dcheck_NaN1                        0x08005fd5   Thumb Code    10  dcheck1.o(x$fpl$dcheck1)
    __aeabi_ddiv                             0x08005fe5   Thumb Code     0  ddiv.o(x$fpl$ddiv)
    _ddiv                                    0x08005fe5   Thumb Code   552  ddiv.o(x$fpl$ddiv)
    __aeabi_d2uiz                            0x08006295   Thumb Code     0  dfixu.o(x$fpl$dfixu)
    _dfixu                                   0x08006295   Thumb Code    90  dfixu.o(x$fpl$dfixu)
    __aeabi_ui2d                             0x080062ef   Thumb Code     0  dflt_clz.o(x$fpl$dfltu)
    _dfltu                                   0x080062ef   Thumb Code    38  dflt_clz.o(x$fpl$dfltu)
    __aeabi_dmul                             0x08006315   Thumb Code     0  dmul.o(x$fpl$dmul)
    _dmul                                    0x08006315   Thumb Code   332  dmul.o(x$fpl$dmul)
    __fpl_dnaninf                            0x08006469   Thumb Code   156  dnaninf.o(x$fpl$dnaninf)
    __fpl_dretinf                            0x08006505   Thumb Code    12  dretinf.o(x$fpl$dretinf)
    __aeabi_drsub                            0x08006511   Thumb Code     0  daddsub_clz.o(x$fpl$drsb)
    _drsb                                    0x08006511   Thumb Code    22  daddsub_clz.o(x$fpl$drsb)
    _dsqrt                                   0x08006529   Thumb Code   456  dsqrt_noumaal.o(x$fpl$dsqrt)
    __aeabi_dsub                             0x080066f5   Thumb Code     0  daddsub_clz.o(x$fpl$dsub)
    _dsub                                    0x080066f5   Thumb Code   464  daddsub_clz.o(x$fpl$dsub)
    __aeabi_f2d                              0x080068c9   Thumb Code     0  f2d.o(x$fpl$f2d)
    _f2d                                     0x080068c9   Thumb Code    86  f2d.o(x$fpl$f2d)
    __aeabi_fadd                             0x08006921   Thumb Code     0  faddsub_clz.o(x$fpl$fadd)
    _fadd                                    0x08006921   Thumb Code   196  faddsub_clz.o(x$fpl$fadd)
    __fpl_fcmp_Inf                           0x080069e5   Thumb Code    24  fcmpi.o(x$fpl$fcmpinf)
    __aeabi_fdiv                             0x080069fd   Thumb Code     0  fdiv.o(x$fpl$fdiv)
    _fdiv                                    0x080069fd   Thumb Code   384  fdiv.o(x$fpl$fdiv)
    __aeabi_cfcmpeq                          0x08006b81   Thumb Code     0  feqf.o(x$fpl$feqf)
    _fcmpeq                                  0x08006b81   Thumb Code   104  feqf.o(x$fpl$feqf)
    __aeabi_f2iz                             0x08006be9   Thumb Code     0  ffix.o(x$fpl$ffix)
    _ffix                                    0x08006be9   Thumb Code    54  ffix.o(x$fpl$ffix)
    __aeabi_f2uiz                            0x08006c21   Thumb Code     0  ffixu.o(x$fpl$ffixu)
    _ffixu                                   0x08006c21   Thumb Code    62  ffixu.o(x$fpl$ffixu)
    __aeabi_i2f                              0x08006c61   Thumb Code     0  fflt_clz.o(x$fpl$fflt)
    _fflt                                    0x08006c61   Thumb Code    48  fflt_clz.o(x$fpl$fflt)
    __aeabi_ui2f                             0x08006c91   Thumb Code     0  fflt_clz.o(x$fpl$ffltu)
    _ffltu                                   0x08006c91   Thumb Code    38  fflt_clz.o(x$fpl$ffltu)
    __aeabi_cfcmple                          0x08006cb9   Thumb Code     0  fleqf.o(x$fpl$fleqf)
    _fcmple                                  0x08006cb9   Thumb Code   104  fleqf.o(x$fpl$fleqf)
    __fpl_fcmple_InfNaN                      0x08006d0b   Thumb Code     0  fleqf.o(x$fpl$fleqf)
    __aeabi_fmul                             0x08006d21   Thumb Code     0  fmul.o(x$fpl$fmul)
    _fmul                                    0x08006d21   Thumb Code   258  fmul.o(x$fpl$fmul)
    __fpl_fnaninf                            0x08006e23   Thumb Code   140  fnaninf.o(x$fpl$fnaninf)
    __fpl_fretinf                            0x08006eaf   Thumb Code    10  fretinf.o(x$fpl$fretinf)
    __aeabi_cfrcmple                         0x08006eb9   Thumb Code     0  frleqf.o(x$fpl$frleqf)
    _frcmple                                 0x08006eb9   Thumb Code    98  frleqf.o(x$fpl$frleqf)
    __aeabi_fsub                             0x08006f1d   Thumb Code     0  faddsub_clz.o(x$fpl$fsub)
    _fsub                                    0x08006f1d   Thumb Code   234  faddsub_clz.o(x$fpl$fsub)
    __fpl_return_NaN                         0x08007007   Thumb Code   100  retnan.o(x$fpl$retnan)
    __ARM_scalbn                             0x0800706b   Thumb Code    92  scalbn.o(x$fpl$scalbn)
    __fpl_cmpreturn                          0x080070c7   Thumb Code    48  trapv.o(x$fpl$trapveneer)
    F6x8                                     0x080070f6   Data         552  oled.o(.constdata)
    __I$use$fp                               0x080070f6   Number         0  usenofp.o(x$fpl$usenofp)
    F8X16                                    0x0800731e   Data        1520  oled.o(.constdata)
    OLED_Font12                              0x0800790e   Data          96  oled.o(.constdata)
    reg                                      0x08008564   Data          27  inv_mpu.o(.constdata)
    hw                                       0x08008580   Data          12  inv_mpu.o(.constdata)
    test                                     0x0800858c   Data          40  inv_mpu.o(.constdata)
    __mathlib_zero                           0x080086b0   Data           8  qnan.o(.constdata)
    Region$$Table$$Base                      0x08008708   Number         0  anon$$obj.o(Region$$Table)
    Region$$Table$$Limit                     0x08008728   Number         0  anon$$obj.o(Region$$Table)
    motor1                                   0x20000008   Data           4  main.o(.data)
    motor2                                   0x2000000c   Data           4  main.o(.data)
    SystemCoreClock                          0x20000010   Data           4  system_stm32f10x.o(.data)
    AHBPrescTable                            0x20000014   Data          16  system_stm32f10x.o(.data)
    OLED_Font12X24                           0x20000025   Data        3420  oled.o(.data)
    iVelocity_Pwm                            0x20000dc0   Data           4  motor_control.o(.data)
    iTurn_Pwm                                0x20000dc4   Data           4  motor_control.o(.data)
    iBlance_Pwm                              0x20000dc8   Data           4  motor_control.o(.data)
    time                                     0x20000dcc   Data           4  motor_control.o(.data)
    i                                        0x20000dd4   Data           4  motor_control.o(.data)
    Run                                      0x20000dd8   Data           4  motor_control.o(.data)
    __stdout                                 0x20000e0c   Data           4  usart.o(.data)
    VECTOR                                   0x20000e34   Data          84  motor.o(.bss)
    __libspace_start                         0x20000e88   Data          96  libspace.o(.bss)
    __temporary_stack_top$libspace           0x20000ee8   Data           0  libspace.o(.bss)



==============================================================================

Memory Map of the image

  Image Entry point : 0x08000131

  Load Region LR_IROM1 (Base: 0x08000000, Size: 0x0000954c, Max: 0x00040000, ABSOLUTE, COMPRESSED[0x00008d7c])

    Execution Region ER_IROM1 (Base: 0x08000000, Size: 0x00008728, Max: 0x00040000, ABSOLUTE)

    Base Addr    Size         Type   Attr      Idx    E Section Name        Object

    0x08000000   0x00000130   Data   RO         1326    RESET               startup_stm32f10x_hd.o
    0x08000130   0x00000008   Code   RO         3592  * !!!main             c_w.l(__main.o)
    0x08000138   0x00000034   Code   RO         3927    !!!scatter          c_w.l(__scatter.o)
    0x0800016c   0x0000005a   Code   RO         3925    !!dczerorl2         c_w.l(__dczerorl2.o)
    0x080001c6   0x00000002   PAD
    0x080001c8   0x0000001c   Code   RO         3929    !!handler_zi        c_w.l(__scatter_zi.o)
    0x080001e4   0x00000000   Code   RO         3585    .ARM.Collect$$_printf_percent$$00000000  c_w.l(_printf_percent.o)
    0x080001e4   0x00000006   Code   RO         3584    .ARM.Collect$$_printf_percent$$00000009  c_w.l(_printf_d.o)
    0x080001ea   0x00000004   Code   RO         3687    .ARM.Collect$$_printf_percent$$00000017  c_w.l(_printf_percent_end.o)
    0x080001ee   0x00000002   Code   RO         3792    .ARM.Collect$$libinit$$00000000  c_w.l(libinit.o)
    0x080001f0   0x00000000   Code   RO         3804    .ARM.Collect$$libinit$$00000002  c_w.l(libinit2.o)
    0x080001f0   0x00000000   Code   RO         3806    .ARM.Collect$$libinit$$00000004  c_w.l(libinit2.o)
    0x080001f0   0x00000000   Code   RO         3809    .ARM.Collect$$libinit$$0000000A  c_w.l(libinit2.o)
    0x080001f0   0x00000000   Code   RO         3811    .ARM.Collect$$libinit$$0000000C  c_w.l(libinit2.o)
    0x080001f0   0x00000000   Code   RO         3813    .ARM.Collect$$libinit$$0000000E  c_w.l(libinit2.o)
    0x080001f0   0x00000000   Code   RO         3816    .ARM.Collect$$libinit$$00000011  c_w.l(libinit2.o)
    0x080001f0   0x00000000   Code   RO         3818    .ARM.Collect$$libinit$$00000013  c_w.l(libinit2.o)
    0x080001f0   0x00000000   Code   RO         3820    .ARM.Collect$$libinit$$00000015  c_w.l(libinit2.o)
    0x080001f0   0x00000000   Code   RO         3822    .ARM.Collect$$libinit$$00000017  c_w.l(libinit2.o)
    0x080001f0   0x00000000   Code   RO         3824    .ARM.Collect$$libinit$$00000019  c_w.l(libinit2.o)
    0x080001f0   0x00000000   Code   RO         3826    .ARM.Collect$$libinit$$0000001B  c_w.l(libinit2.o)
    0x080001f0   0x00000000   Code   RO         3828    .ARM.Collect$$libinit$$0000001D  c_w.l(libinit2.o)
    0x080001f0   0x00000000   Code   RO         3830    .ARM.Collect$$libinit$$0000001F  c_w.l(libinit2.o)
    0x080001f0   0x00000000   Code   RO         3832    .ARM.Collect$$libinit$$00000021  c_w.l(libinit2.o)
    0x080001f0   0x00000000   Code   RO         3834    .ARM.Collect$$libinit$$00000023  c_w.l(libinit2.o)
    0x080001f0   0x00000000   Code   RO         3836    .ARM.Collect$$libinit$$00000025  c_w.l(libinit2.o)
    0x080001f0   0x00000000   Code   RO         3840    .ARM.Collect$$libinit$$0000002C  c_w.l(libinit2.o)
    0x080001f0   0x00000000   Code   RO         3842    .ARM.Collect$$libinit$$0000002E  c_w.l(libinit2.o)
    0x080001f0   0x00000000   Code   RO         3844    .ARM.Collect$$libinit$$00000030  c_w.l(libinit2.o)
    0x080001f0   0x00000000   Code   RO         3846    .ARM.Collect$$libinit$$00000032  c_w.l(libinit2.o)
    0x080001f0   0x00000002   Code   RO         3847    .ARM.Collect$$libinit$$00000033  c_w.l(libinit2.o)
    0x080001f2   0x00000002   Code   RO         3877    .ARM.Collect$$libshutdown$$00000000  c_w.l(libshutdown.o)
    0x080001f4   0x00000000   Code   RO         3891    .ARM.Collect$$libshutdown$$00000002  c_w.l(libshutdown2.o)
    0x080001f4   0x00000000   Code   RO         3893    .ARM.Collect$$libshutdown$$00000004  c_w.l(libshutdown2.o)
    0x080001f4   0x00000000   Code   RO         3896    .ARM.Collect$$libshutdown$$00000007  c_w.l(libshutdown2.o)
    0x080001f4   0x00000000   Code   RO         3899    .ARM.Collect$$libshutdown$$0000000A  c_w.l(libshutdown2.o)
    0x080001f4   0x00000000   Code   RO         3901    .ARM.Collect$$libshutdown$$0000000C  c_w.l(libshutdown2.o)
    0x080001f4   0x00000000   Code   RO         3904    .ARM.Collect$$libshutdown$$0000000F  c_w.l(libshutdown2.o)
    0x080001f4   0x00000002   Code   RO         3905    .ARM.Collect$$libshutdown$$00000010  c_w.l(libshutdown2.o)
    0x080001f6   0x00000000   Code   RO         3672    .ARM.Collect$$rtentry$$00000000  c_w.l(__rtentry.o)
    0x080001f6   0x00000000   Code   RO         3741    .ARM.Collect$$rtentry$$00000002  c_w.l(__rtentry2.o)
    0x080001f6   0x00000006   Code   RO         3753    .ARM.Collect$$rtentry$$00000004  c_w.l(__rtentry4.o)
    0x080001fc   0x00000000   Code   RO         3743    .ARM.Collect$$rtentry$$00000009  c_w.l(__rtentry2.o)
    0x080001fc   0x00000004   Code   RO         3744    .ARM.Collect$$rtentry$$0000000A  c_w.l(__rtentry2.o)
    0x08000200   0x00000000   Code   RO         3746    .ARM.Collect$$rtentry$$0000000C  c_w.l(__rtentry2.o)
    0x08000200   0x00000008   Code   RO         3747    .ARM.Collect$$rtentry$$0000000D  c_w.l(__rtentry2.o)
    0x08000208   0x00000002   Code   RO         3797    .ARM.Collect$$rtexit$$00000000  c_w.l(rtexit.o)
    0x0800020a   0x00000000   Code   RO         3851    .ARM.Collect$$rtexit$$00000002  c_w.l(rtexit2.o)
    0x0800020a   0x00000004   Code   RO         3852    .ARM.Collect$$rtexit$$00000003  c_w.l(rtexit2.o)
    0x0800020e   0x00000006   Code   RO         3853    .ARM.Collect$$rtexit$$00000004  c_w.l(rtexit2.o)
    0x08000214   0x00000040   Code   RO         1327    .text               startup_stm32f10x_hd.o
    0x08000254   0x00000002   Code   RO         3521    .text               c_w.l(use_no_semi_2.o)
    0x08000256   0x00000048   Code   RO         3523    .text               c_w.l(llsdiv.o)
    0x0800029e   0x00000002   PAD
    0x080002a0   0x00000018   Code   RO         3529    .text               c_w.l(noretval__2printf.o)
    0x080002b8   0x00000078   Code   RO         3539    .text               c_w.l(_printf_dec.o)
    0x08000330   0x00000138   Code   RO         3574    .text               c_w.l(__printf_flags_wp.o)
    0x08000468   0x00000058   Code   RO         3586    .text               c_w.l(memcmp.o)
    0x080004c0   0x00000010   Code   RO         3588    .text               c_w.l(aeabi_memset.o)
    0x080004d0   0x00000006   Code   RO         3590    .text               c_w.l(heapauxi.o)
    0x080004d6   0x00000002   Code   RO         3670    .text               c_w.l(use_no_semi.o)
    0x080004d8   0x000000ee   Code   RO         3673    .text               c_w.l(lludivv7m.o)
    0x080005c6   0x00000016   Code   RO         3675    .text               c_w.l(_rserrno.o)
    0x080005dc   0x000000b2   Code   RO         3677    .text               c_w.l(_printf_intcommon.o)
    0x0800068e   0x00000002   PAD
    0x08000690   0x00000030   Code   RO         3679    .text               c_w.l(_printf_char_common.o)
    0x080006c0   0x00000024   Code   RO         3685    .text               c_w.l(_printf_char_file.o)
    0x080006e4   0x00000044   Code   RO         3688    .text               c_w.l(rt_memclr.o)
    0x08000728   0x00000008   Code   RO         3762    .text               c_w.l(rt_errno_addr_intlibspace.o)
    0x08000730   0x00000008   Code   RO         3766    .text               c_w.l(ferror.o)
    0x08000738   0x0000004e   Code   RO         3770    .text               c_w.l(rt_memclr_w.o)
    0x08000786   0x00000002   PAD
    0x08000788   0x00000008   Code   RO         3778    .text               c_w.l(libspace.o)
    0x08000790   0x0000004a   Code   RO         3781    .text               c_w.l(sys_stackheap_outer.o)
    0x080007da   0x00000012   Code   RO         3785    .text               c_w.l(exit.o)
    0x080007ec   0x00000016   Code   RO         2415    i.ADC_Cmd           stm32f10x_adc.o
    0x08000802   0x00000002   PAD
    0x08000804   0x0000005c   Code   RO         2417    i.ADC_DeInit        stm32f10x_adc.o
    0x08000860   0x00000014   Code   RO         2423    i.ADC_GetCalibrationStatus  stm32f10x_adc.o
    0x08000874   0x00000008   Code   RO         2424    i.ADC_GetConversionValue  stm32f10x_adc.o
    0x0800087c   0x00000012   Code   RO         2426    i.ADC_GetFlagStatus  stm32f10x_adc.o
    0x0800088e   0x00000014   Code   RO         2429    i.ADC_GetResetCalibrationStatus  stm32f10x_adc.o
    0x080008a2   0x00000002   PAD
    0x080008a4   0x00000050   Code   RO         2433    i.ADC_Init          stm32f10x_adc.o
    0x080008f4   0x000000b8   Code   RO         2437    i.ADC_RegularChannelConfig  stm32f10x_adc.o
    0x080009ac   0x0000000a   Code   RO         2438    i.ADC_ResetCalibration  stm32f10x_adc.o
    0x080009b6   0x00000016   Code   RO         2440    i.ADC_SoftwareStartConvCmd  stm32f10x_adc.o
    0x080009cc   0x0000000a   Code   RO         2442    i.ADC_StartCalibration  stm32f10x_adc.o
    0x080009d6   0x00000002   PAD
    0x080009d8   0x000000a0   Code   RO          350    i.BSP_BatteryConfig  bsp_battery.o
    0x08000a78   0x00000050   Code   RO          351    i.BSP_GetBatteryValue  bsp_battery.o
    0x08000ac8   0x0000009c   Code   RO         1152    i.Balance_PID       motor_control.o
    0x08000b64   0x00000004   Code   RO          161    i.BusFault_Handler  stm32f10x_it.o
    0x08000b68   0x00000002   Code   RO          162    i.DebugMon_Handler  stm32f10x_it.o
    0x08000b6a   0x00000002   PAD
    0x08000b6c   0x00000194   Code   RO         1153    i.EXTI15_10_IRQHandler  motor_control.o
    0x08000d00   0x0000000c   Code   RO         2632    i.EXTI_ClearITPendingBit  stm32f10x_exti.o
    0x08000d0c   0x00000094   Code   RO         2637    i.EXTI_Init         stm32f10x_exti.o
    0x08000da0   0x0000009c   Code   RO         1096    i.Encoder_Init_TIM3  encoder.o
    0x08000e3c   0x0000009c   Code   RO         1097    i.Encoder_Init_TIM4  encoder.o
    0x08000ed8   0x00000040   Code   RO         1334    i.GPIO_EXTILineConfig  stm32f10x_gpio.o
    0x08000f18   0x00000116   Code   RO         1337    i.GPIO_Init         stm32f10x_gpio.o
    0x0800102e   0x00000002   PAD
    0x08001030   0x00000090   Code   RO         1339    i.GPIO_PinRemapConfig  stm32f10x_gpio.o
    0x080010c0   0x00000004   Code   RO         1344    i.GPIO_ResetBits    stm32f10x_gpio.o
    0x080010c4   0x00000004   Code   RO         1345    i.GPIO_SetBits      stm32f10x_gpio.o
    0x080010c8   0x00000004   Code   RO          163    i.HardFault_Handler  stm32f10x_it.o
    0x080010cc   0x00000050   Code   RO          296    i.IIC_Ack           myiic.o
    0x0800111c   0x00000040   Code   RO          297    i.IIC_Init          myiic.o
    0x0800115c   0x00000050   Code   RO          298    i.IIC_NAck          myiic.o
    0x080011ac   0x00000070   Code   RO          299    i.IIC_Read_Byte     myiic.o
    0x0800121c   0x00000068   Code   RO          300    i.IIC_Send_Byte     myiic.o
    0x08001284   0x0000004c   Code   RO          301    i.IIC_Start         myiic.o
    0x080012d0   0x0000004c   Code   RO          302    i.IIC_Stop          myiic.o
    0x0800131c   0x00000064   Code   RO          303    i.IIC_Wait_Ack      myiic.o
    0x08001380   0x00000058   Code   RO          284    i.LED_Init          led.o
    0x080013d8   0x00000070   Code   RO          498    i.MPU_EXTI_Init     mpu6050.o
    0x08001448   0x00000050   Code   RO          499    i.MPU_Get_Accelerometer  mpu6050.o
    0x08001498   0x00000050   Code   RO          500    i.MPU_Get_Gyroscope  mpu6050.o
    0x080014e8   0x0000007a   Code   RO          502    i.MPU_Init          mpu6050.o
    0x08001562   0x0000003a   Code   RO          503    i.MPU_Read_Byte     mpu6050.o
    0x0800159c   0x00000074   Code   RO          504    i.MPU_Read_Len      mpu6050.o
    0x08001610   0x00000010   Code   RO          505    i.MPU_Set_Accel_Fsr  mpu6050.o
    0x08001620   0x00000010   Code   RO          506    i.MPU_Set_Gyro_Fsr  mpu6050.o
    0x08001630   0x0000003a   Code   RO          507    i.MPU_Set_LPF       mpu6050.o
    0x0800166a   0x0000003a   Code   RO          508    i.MPU_Set_Rate      mpu6050.o
    0x080016a4   0x00000044   Code   RO          509    i.MPU_Write_Byte    mpu6050.o
    0x080016e8   0x00000060   Code   RO          510    i.MPU_Write_Len     mpu6050.o
    0x08001748   0x00000004   Code   RO          164    i.MemManage_Handler  stm32f10x_it.o
    0x0800174c   0x0000006c   Code   RO         1191    i.Motor_Config      motor.o
    0x080017b8   0x00000088   Code   RO         1192    i.Motor_SetPwm      motor.o
    0x08001840   0x00000002   Code   RO          165    i.NMI_Handler       stm32f10x_it.o
    0x08001842   0x00000002   PAD
    0x08001844   0x00000070   Code   RO         1825    i.NVIC_Init         misc.o
    0x080018b4   0x00000040   Code   RO          368    i.OLED_Clear        oled.o
    0x080018f4   0x0000015c   Code   RO          369    i.OLED_Config       oled.o
    0x08001a50   0x0000000c   Code   RO          373    i.OLED_SetFontSize  oled.o
    0x08001a5c   0x0000002e   Code   RO          374    i.OLED_Set_Pos      oled.o
    0x08001a8a   0x00000002   PAD
    0x08001a8c   0x00000138   Code   RO          375    i.OLED_ShowChar     oled.o
    0x08001bc4   0x00000084   Code   RO          377    i.OLED_ShowNum      oled.o
    0x08001c48   0x0000004c   Code   RO          378    i.OLED_ShowString   oled.o
    0x08001c94   0x00000078   Code   RO          379    i.OLED_WR_Byte      oled.o
    0x08001d0c   0x0000000c   Code   RO         3459    i.PWR_BackupAccessCmd  stm32f10x_pwr.o
    0x08001d18   0x00000002   Code   RO          166    i.PendSV_Handler    stm32f10x_it.o
    0x08001d1a   0x00000002   PAD
    0x08001d1c   0x000000e8   Code   RO         1154    i.Pick_Up           motor_control.o
    0x08001e04   0x00000018   Code   RO         1445    i.RCC_ADCCLKConfig  stm32f10x_rcc.o
    0x08001e1c   0x00000020   Code   RO         1447    i.RCC_APB1PeriphClockCmd  stm32f10x_rcc.o
    0x08001e3c   0x00000020   Code   RO         1449    i.RCC_APB2PeriphClockCmd  stm32f10x_rcc.o
    0x08001e5c   0x00000020   Code   RO         1450    i.RCC_APB2PeriphResetCmd  stm32f10x_rcc.o
    0x08001e7c   0x000000d4   Code   RO         1457    i.RCC_GetClocksFreq  stm32f10x_rcc.o
    0x08001f50   0x00000034   Code   RO         1465    i.RCC_LSEConfig     stm32f10x_rcc.o
    0x08001f84   0x00000038   Code   RO         1098    i.Read_Encoder      encoder.o
    0x08001fbc   0x00000002   Code   RO          167    i.SVC_Handler       stm32f10x_it.o
    0x08001fbe   0x00000008   Code   RO          250    i.SetSysClock       system_stm32f10x.o
    0x08001fc6   0x00000002   PAD
    0x08001fc8   0x000000e0   Code   RO          251    i.SetSysClockTo72   system_stm32f10x.o
    0x080020a8   0x00000028   Code   RO         1829    i.SysTick_CLKSourceConfig  misc.o
    0x080020d0   0x00000002   Code   RO          168    i.SysTick_Handler   stm32f10x_it.o
    0x080020d2   0x00000002   PAD
    0x080020d4   0x00000060   Code   RO          253    i.SystemInit        system_stm32f10x.o
    0x08002134   0x000001e8   Code   RO            1    i.System_Config     main.o
    0x0800231c   0x00000080   Code   RO         1861    i.TI1_Config        stm32f10x_tim.o
    0x0800239c   0x00000098   Code   RO         1862    i.TI2_Config        stm32f10x_tim.o
    0x08002434   0x00000090   Code   RO         1863    i.TI3_Config        stm32f10x_tim.o
    0x080024c4   0x00000098   Code   RO         1864    i.TI4_Config        stm32f10x_tim.o
    0x0800255c   0x00000044   Code   RO         1132    i.TIM2_IRQHandler   timer.o
    0x080025a0   0x000000d8   Code   RO         1193    i.TIM2_PWM_Config   motor.o
    0x08002678   0x00000018   Code   RO         1099    i.TIM3_IRQHandler   encoder.o
    0x08002690   0x00000018   Code   RO         1100    i.TIM4_IRQHandler   encoder.o
    0x080026a8   0x00000018   Code   RO         1865    i.TIM_ARRPreloadConfig  stm32f10x_tim.o
    0x080026c0   0x00000006   Code   RO         1871    i.TIM_ClearFlag     stm32f10x_tim.o
    0x080026c6   0x00000006   Code   RO         1872    i.TIM_ClearITPendingBit  stm32f10x_tim.o
    0x080026cc   0x00000018   Code   RO         1877    i.TIM_Cmd           stm32f10x_tim.o
    0x080026e4   0x0000001e   Code   RO         1879    i.TIM_CtrlPWMOutputs  stm32f10x_tim.o
    0x08002702   0x00000042   Code   RO         1886    i.TIM_EncoderInterfaceConfig  stm32f10x_tim.o
    0x08002744   0x00000022   Code   RO         1898    i.TIM_GetITStatus   stm32f10x_tim.o
    0x08002766   0x00000002   PAD
    0x08002768   0x000000ac   Code   RO         1900    i.TIM_ICInit        stm32f10x_tim.o
    0x08002814   0x00000012   Code   RO         1901    i.TIM_ICStructInit  stm32f10x_tim.o
    0x08002826   0x00000012   Code   RO         1902    i.TIM_ITConfig      stm32f10x_tim.o
    0x08002838   0x00000098   Code   RO         1906    i.TIM_OC1Init       stm32f10x_tim.o
    0x080028d0   0x00000012   Code   RO         1909    i.TIM_OC1PreloadConfig  stm32f10x_tim.o
    0x080028e2   0x00000002   PAD
    0x080028e4   0x0000007c   Code   RO         1921    i.TIM_OC4Init       stm32f10x_tim.o
    0x08002960   0x0000001a   Code   RO         1923    i.TIM_OC4PreloadConfig  stm32f10x_tim.o
    0x0800297a   0x00000004   Code   RO         1938    i.TIM_SetCompare1   stm32f10x_tim.o
    0x0800297e   0x00000006   Code   RO         1941    i.TIM_SetCompare4   stm32f10x_tim.o
    0x08002984   0x00000004   Code   RO         1942    i.TIM_SetCounter    stm32f10x_tim.o
    0x08002988   0x00000012   Code   RO         1943    i.TIM_SetIC1Prescaler  stm32f10x_tim.o
    0x0800299a   0x0000001a   Code   RO         1944    i.TIM_SetIC2Prescaler  stm32f10x_tim.o
    0x080029b4   0x00000012   Code   RO         1945    i.TIM_SetIC3Prescaler  stm32f10x_tim.o
    0x080029c6   0x0000001a   Code   RO         1946    i.TIM_SetIC4Prescaler  stm32f10x_tim.o
    0x080029e0   0x000000a4   Code   RO         1948    i.TIM_TimeBaseInit  stm32f10x_tim.o
    0x08002a84   0x00000012   Code   RO         1949    i.TIM_TimeBaseStructInit  stm32f10x_tim.o
    0x08002a96   0x00000002   PAD
    0x08002a98   0x0000004c   Code   RO         1277    i.USART3_IRQHandler  usart.o
    0x08002ae4   0x00000018   Code   RO         1649    i.USART_Cmd         stm32f10x_usart.o
    0x08002afc   0x00000054   Code   RO         1653    i.USART_GetITStatus  stm32f10x_usart.o
    0x08002b50   0x0000004a   Code   RO         1655    i.USART_ITConfig    stm32f10x_usart.o
    0x08002b9a   0x00000002   PAD
    0x08002b9c   0x000000d8   Code   RO         1656    i.USART_Init        stm32f10x_usart.o
    0x08002c74   0x0000000a   Code   RO         1663    i.USART_ReceiveData  stm32f10x_usart.o
    0x08002c7e   0x00000004   Code   RO          169    i.UsageFault_Handler  stm32f10x_it.o
    0x08002c82   0x00000002   PAD
    0x08002c84   0x0000013c   Code   RO         1155    i.Velocity_PID      motor_control.o
    0x08002dc0   0x00000028   Code   RO         3727    i.__ARM_fpclassify  m_ws.l(fpclassify.o)
    0x08002de8   0x000000aa   Code   RO         3729    i.__kernel_poly     m_ws.l(poly.o)
    0x08002e92   0x00000006   Code   RO         3714    i.__mathlib_dbl_infnan  m_ws.l(dunder.o)
    0x08002e98   0x00000004   Code   RO         3715    i.__mathlib_dbl_infnan2  m_ws.l(dunder.o)
    0x08002e9c   0x0000000c   Code   RO         3716    i.__mathlib_dbl_invalid  m_ws.l(dunder.o)
    0x08002ea8   0x00000010   Code   RO         3719    i.__mathlib_dbl_underflow  m_ws.l(dunder.o)
    0x08002eb8   0x0000000e   Code   RO         3572    i._is_digit         c_w.l(__printf_wp.o)
    0x08002ec6   0x00000004   Code   RO         1278    i._sys_exit         usart.o
    0x08002eca   0x00000002   PAD
    0x08002ecc   0x000000a8   Code   RO          771    i.accel_self_test   inv_mpu.o
    0x08002f74   0x00000270   Code   RO         3653    i.asin              m_ws.l(asin.o)
    0x080031e4   0x00000220   Code   RO         3704    i.atan              m_ws.l(atan.o)
    0x08003404   0x00000180   Code   RO         3663    i.atan2             m_ws.l(atan2.o)
    0x08003584   0x00000064   Code   RO          582    i.decode_gesture    inv_mpu_dmp_motion_driver.o
    0x080035e8   0x00000044   Code   RO         1222    i.delay_init        delay.o
    0x0800362c   0x0000004c   Code   RO         1223    i.delay_ms          delay.o
    0x08003678   0x0000004c   Code   RO         1224    i.delay_us          delay.o
    0x080036c4   0x0000003c   Code   RO          583    i.dmp_enable_6x_lp_quat  inv_mpu_dmp_motion_driver.o
    0x08003700   0x0000021c   Code   RO          584    i.dmp_enable_feature  inv_mpu_dmp_motion_driver.o
    0x0800391c   0x00000058   Code   RO          585    i.dmp_enable_gyro_cal  inv_mpu_dmp_motion_driver.o
    0x08003974   0x0000003c   Code   RO          586    i.dmp_enable_lp_quat  inv_mpu_dmp_motion_driver.o
    0x080039b0   0x00000018   Code   RO          591    i.dmp_load_motion_driver_firmware  inv_mpu_dmp_motion_driver.o
    0x080039c8   0x000001cc   Code   RO          592    i.dmp_read_fifo     inv_mpu_dmp_motion_driver.o
    0x08003b94   0x00000070   Code   RO          596    i.dmp_set_fifo_rate  inv_mpu_dmp_motion_driver.o
    0x08003c04   0x00000130   Code   RO          597    i.dmp_set_gyro_bias  inv_mpu_dmp_motion_driver.o
    0x08003d34   0x00000138   Code   RO          599    i.dmp_set_orientation  inv_mpu_dmp_motion_driver.o
    0x08003e6c   0x00000038   Code   RO          602    i.dmp_set_shake_reject_thresh  inv_mpu_dmp_motion_driver.o
    0x08003ea4   0x00000026   Code   RO          603    i.dmp_set_shake_reject_time  inv_mpu_dmp_motion_driver.o
    0x08003eca   0x00000026   Code   RO          604    i.dmp_set_shake_reject_timeout  inv_mpu_dmp_motion_driver.o
    0x08003ef0   0x00000046   Code   RO          605    i.dmp_set_tap_axes  inv_mpu_dmp_motion_driver.o
    0x08003f36   0x00000026   Code   RO          606    i.dmp_set_tap_count  inv_mpu_dmp_motion_driver.o
    0x08003f5c   0x000001a0   Code   RO          607    i.dmp_set_tap_thresh  inv_mpu_dmp_motion_driver.o
    0x080040fc   0x00000026   Code   RO          608    i.dmp_set_tap_time  inv_mpu_dmp_motion_driver.o
    0x08004122   0x00000026   Code   RO          609    i.dmp_set_tap_time_multi  inv_mpu_dmp_motion_driver.o
    0x08004148   0x0000001c   Code   RO         1279    i.fputc             usart.o
    0x08004164   0x000000b4   Code   RO          772    i.get_accel_prod_shift  inv_mpu.o
    0x08004218   0x00000470   Code   RO          773    i.get_st_biases     inv_mpu.o
    0x08004688   0x00000110   Code   RO          774    i.gyro_self_test    inv_mpu.o
    0x08004798   0x00000028   Code   RO          775    i.inv_orientation_matrix_to_scalar  inv_mpu.o
    0x080047c0   0x0000004e   Code   RO          776    i.inv_row_2_scale   inv_mpu.o
    0x0800480e   0x00000002   PAD
    0x08004810   0x00000180   Code   RO            2    i.main              main.o
    0x08004990   0x00000002   Code   RO          777    i.mget_ms           inv_mpu.o
    0x08004992   0x00000002   PAD
    0x08004994   0x00000070   Code   RO          778    i.mpu_configure_fifo  inv_mpu.o
    0x08004a04   0x00000224   Code   RO          779    i.mpu_dmp_get_data  inv_mpu.o
    0x08004c28   0x0000009c   Code   RO          780    i.mpu_dmp_init      inv_mpu.o
    0x08004cc4   0x0000004c   Code   RO          781    i.mpu_get_accel_fsr  inv_mpu.o
    0x08004d10   0x00000054   Code   RO          783    i.mpu_get_accel_sens  inv_mpu.o
    0x08004d64   0x00000010   Code   RO          788    i.mpu_get_fifo_config  inv_mpu.o
    0x08004d74   0x00000044   Code   RO          789    i.mpu_get_gyro_fsr  inv_mpu.o
    0x08004db8   0x00000050   Code   RO          791    i.mpu_get_gyro_sens  inv_mpu.o
    0x08004e08   0x00000050   Code   RO          793    i.mpu_get_lpf       inv_mpu.o
    0x08004e58   0x00000020   Code   RO          795    i.mpu_get_sample_rate  inv_mpu.o
    0x08004e78   0x000001f0   Code   RO          797    i.mpu_init          inv_mpu.o
    0x08005068   0x000000b8   Code   RO          798    i.mpu_load_firmware  inv_mpu.o
    0x08005120   0x000000e0   Code   RO          799    i.mpu_lp_accel_mode  inv_mpu.o
    0x08005200   0x000000c0   Code   RO          802    i.mpu_read_fifo_stream  inv_mpu.o
    0x080052c0   0x00000080   Code   RO          803    i.mpu_read_mem      inv_mpu.o
    0x08005340   0x000001c8   Code   RO          806    i.mpu_reset_fifo    inv_mpu.o
    0x08005508   0x0000011c   Code   RO          807    i.mpu_run_self_test  inv_mpu.o
    0x08005624   0x00000084   Code   RO          809    i.mpu_set_accel_fsr  inv_mpu.o
    0x080056a8   0x0000014c   Code   RO          810    i.mpu_set_bypass    inv_mpu.o
    0x080057f4   0x00000090   Code   RO          812    i.mpu_set_dmp_state  inv_mpu.o
    0x08005884   0x00000088   Code   RO          813    i.mpu_set_gyro_fsr  inv_mpu.o
    0x0800590c   0x0000006c   Code   RO          814    i.mpu_set_int_latched  inv_mpu.o
    0x08005978   0x00000084   Code   RO          816    i.mpu_set_lpf       inv_mpu.o
    0x080059fc   0x0000009c   Code   RO          817    i.mpu_set_sample_rate  inv_mpu.o
    0x08005a98   0x000000d0   Code   RO          818    i.mpu_set_sensors   inv_mpu.o
    0x08005b68   0x00000080   Code   RO          819    i.mpu_write_mem     inv_mpu.o
    0x08005be8   0x0000000e   Code   RO         1156    i.myabs             motor_control.o
    0x08005bf6   0x00000016   Code   RO          380    i.oled_pow          oled.o
    0x08005c0c   0x0000008e   Code   RO          820    i.run_self_test     inv_mpu.o
    0x08005c9a   0x00000002   PAD
    0x08005c9c   0x00000090   Code   RO          821    i.set_int_enable    inv_mpu.o
    0x08005d2c   0x0000004c   Code   RO         3733    i.sqrt              m_ws.l(sqrt.o)
    0x08005d78   0x000000a8   Code   RO         1280    i.uart_init         usart.o
    0x08005e20   0x00000062   Code   RO         3594    x$fpl$d2f           fz_ws.l(d2f.o)
    0x08005e82   0x00000002   PAD
    0x08005e84   0x00000150   Code   RO         3596    x$fpl$dadd          fz_ws.l(daddsub_clz.o)
    0x08005fd4   0x00000010   Code   RO         3772    x$fpl$dcheck1       fz_ws.l(dcheck1.o)
    0x08005fe4   0x000002b0   Code   RO         3603    x$fpl$ddiv          fz_ws.l(ddiv.o)
    0x08006294   0x0000005a   Code   RO         3606    x$fpl$dfixu         fz_ws.l(dfixu.o)
    0x080062ee   0x00000026   Code   RO         3610    x$fpl$dfltu         fz_ws.l(dflt_clz.o)
    0x08006314   0x00000154   Code   RO         3616    x$fpl$dmul          fz_ws.l(dmul.o)
    0x08006468   0x0000009c   Code   RO         3690    x$fpl$dnaninf       fz_ws.l(dnaninf.o)
    0x08006504   0x0000000c   Code   RO         3692    x$fpl$dretinf       fz_ws.l(dretinf.o)
    0x08006510   0x00000016   Code   RO         3597    x$fpl$drsb          fz_ws.l(daddsub_clz.o)
    0x08006526   0x00000002   PAD
    0x08006528   0x000001cc   Code   RO         3776    x$fpl$dsqrt         fz_ws.l(dsqrt_noumaal.o)
    0x080066f4   0x000001d4   Code   RO         3598    x$fpl$dsub          fz_ws.l(daddsub_clz.o)
    0x080068c8   0x00000056   Code   RO         3618    x$fpl$f2d           fz_ws.l(f2d.o)
    0x0800691e   0x00000002   PAD
    0x08006920   0x000000c4   Code   RO         3620    x$fpl$fadd          fz_ws.l(faddsub_clz.o)
    0x080069e4   0x00000018   Code   RO         3694    x$fpl$fcmpinf       fz_ws.l(fcmpi.o)
    0x080069fc   0x00000184   Code   RO         3627    x$fpl$fdiv          fz_ws.l(fdiv.o)
    0x08006b80   0x00000068   Code   RO         3630    x$fpl$feqf          fz_ws.l(feqf.o)
    0x08006be8   0x00000036   Code   RO         3632    x$fpl$ffix          fz_ws.l(ffix.o)
    0x08006c1e   0x00000002   PAD
    0x08006c20   0x0000003e   Code   RO         3636    x$fpl$ffixu         fz_ws.l(ffixu.o)
    0x08006c5e   0x00000002   PAD
    0x08006c60   0x00000030   Code   RO         3641    x$fpl$fflt          fz_ws.l(fflt_clz.o)
    0x08006c90   0x00000026   Code   RO         3640    x$fpl$ffltu         fz_ws.l(fflt_clz.o)
    0x08006cb6   0x00000002   PAD
    0x08006cb8   0x00000068   Code   RO         3646    x$fpl$fleqf         fz_ws.l(fleqf.o)
    0x08006d20   0x00000102   Code   RO         3648    x$fpl$fmul          fz_ws.l(fmul.o)
    0x08006e22   0x0000008c   Code   RO         3696    x$fpl$fnaninf       fz_ws.l(fnaninf.o)
    0x08006eae   0x0000000a   Code   RO         3698    x$fpl$fretinf       fz_ws.l(fretinf.o)
    0x08006eb8   0x00000062   Code   RO         3650    x$fpl$frleqf        fz_ws.l(frleqf.o)
    0x08006f1a   0x00000002   PAD
    0x08006f1c   0x000000ea   Code   RO         3622    x$fpl$fsub          fz_ws.l(faddsub_clz.o)
    0x08007006   0x00000064   Code   RO         3795    x$fpl$retnan        fz_ws.l(retnan.o)
    0x0800706a   0x0000005c   Code   RO         3700    x$fpl$scalbn        fz_ws.l(scalbn.o)
    0x080070c6   0x00000030   Code   RO         3848    x$fpl$trapveneer    fz_ws.l(trapv.o)
    0x080070f6   0x00000000   Code   RO         3702    x$fpl$usenofp       fz_ws.l(usenofp.o)
    0x080070f6   0x00000878   Data   RO          381    .constdata          oled.o
    0x0800796e   0x00000bf6   Data   RO          611    .constdata          inv_mpu_dmp_motion_driver.o
    0x08008564   0x00000050   Data   RO          823    .constdata          inv_mpu.o
    0x080085b4   0x00000011   Data   RO         3575    .constdata          c_w.l(__printf_flags_wp.o)
    0x080085c5   0x00000003   PAD
    0x080085c8   0x00000050   Data   RO         3654    .constdata          m_ws.l(asin.o)
    0x08008618   0x00000098   Data   RO         3705    .constdata          m_ws.l(atan.o)
    0x080086b0   0x00000008   Data   RO         3731    .constdata          m_ws.l(qnan.o)
    0x080086b8   0x0000004d   Data   RO          824    .conststring        inv_mpu.o
    0x08008705   0x00000003   PAD
    0x08008708   0x00000020   Data   RO         3923    Region$$Table       anon$$obj.o


    Execution Region RW_IRAM1 (Base: 0x20000000, Size: 0x000014e8, Max: 0x0000c000, ABSOLUTE, COMPRESSED[0x00000654])

    Base Addr    Size         Type   Attr      Idx    E Section Name        Object

    0x20000000   0x00000010   Data   RW            3    .data               main.o
    0x20000010   0x00000014   Data   RW          254    .data               system_stm32f10x.o
    0x20000024   0x00000d5d   Data   RW          382    .data               oled.o
    0x20000d81   0x00000003   PAD
    0x20000d84   0x00000035   Data   RW          825    .data               inv_mpu.o
    0x20000db9   0x00000003   PAD
    0x20000dbc   0x00000044   Data   RW         1157    .data               motor_control.o
    0x20000e00   0x00000004   Data   RW         1225    .data               delay.o
    0x20000e04   0x0000000c   Data   RW         1281    .data               usart.o
    0x20000e10   0x00000014   Data   RW         1477    .data               stm32f10x_rcc.o
    0x20000e24   0x00000010   Zero   RW          610    .bss                inv_mpu_dmp_motion_driver.o
    0x20000e34   0x00000054   Zero   RW         1194    .bss                motor.o
    0x20000e88   0x00000060   Zero   RW         3779    .bss                c_w.l(libspace.o)
    0x20000ee8   0x00000200   Zero   RW         1325    HEAP                startup_stm32f10x_hd.o
    0x200010e8   0x00000400   Zero   RW         1324    STACK               startup_stm32f10x_hd.o


==============================================================================

Image component sizes


      Code (inc. data)   RO Data    RW Data    ZI Data      Debug   Object Name

       240         20          0          0          0       1242   bsp_battery.o
       220         26          0          4          0       1751   delay.o
       416         36          0          0          0       2875   encoder.o
      6854        290        157         53          0      31508   inv_mpu.o
      2792        118       3062          0         16      20041   inv_mpu_dmp_motion_driver.o
        88         12          0          0          0        511   led.o
       872        222          0         16          0     265615   main.o
       152         12          0          0          0       1562   misc.o
       460         44          0          0         84       3609   motor.o
      1122        148          0         68          0       4195   motor_control.o
       880          4          0          0          0       8351   mpu6050.o
       692        110          0          0          0       4294   myiic.o
      1132         44       2168       3421          0       6952   oled.o
        64         26        304          0       1536        800   startup_stm32f10x_hd.o
       486         24          0          0          0       8682   stm32f10x_adc.o
       160         12          0          0          0       1521   stm32f10x_exti.o
       494         10          0          0          0       4536   stm32f10x_gpio.o
        26          0          0          0          0       3766   stm32f10x_it.o
        12          6          0          0          0        518   stm32f10x_pwr.o
       384         50          0         20          0       6134   stm32f10x_rcc.o
      1578        180          0          0          0      17451   stm32f10x_tim.o
       408          6          0          0          0       5046   stm32f10x_usart.o
         0          0          0          0          0         32   sys.o
       328         28          0         20          0       2117   system_stm32f10x.o
        68         14          0          0          0        490   timer.o
       276         22          0         12          0       4202   usart.o

    ----------------------------------------------------------------------
     20242       1464       5726       3620       1636     407801   Object Totals
         0          0         32          0          0          0   (incl. Generated)
        38          0          3          6          0          0   (incl. Padding)

    ----------------------------------------------------------------------

      Code (inc. data)   RO Data    RW Data    ZI Data      Debug   Library Member Name

        90          0          0          0          0          0   __dczerorl2.o
         8          0          0          0          0         68   __main.o
       312          4         17          0          0         92   __printf_flags_wp.o
        14          0          0          0          0         68   __printf_wp.o
         0          0          0          0          0          0   __rtentry.o
        12          0          0          0          0          0   __rtentry2.o
         6          0          0          0          0          0   __rtentry4.o
        52          8          0          0          0          0   __scatter.o
        28          0          0          0          0          0   __scatter_zi.o
        48          6          0          0          0         96   _printf_char_common.o
        36          4          0          0          0         80   _printf_char_file.o
         6          0          0          0          0          0   _printf_d.o
       120         16          0          0          0         92   _printf_dec.o
       178          0          0          0          0         88   _printf_intcommon.o
         0          0          0          0          0          0   _printf_percent.o
         4          0          0          0          0          0   _printf_percent_end.o
        22          0          0          0          0        100   _rserrno.o
        16          0          0          0          0         68   aeabi_memset.o
        18          0          0          0          0         80   exit.o
         8          0          0          0          0         68   ferror.o
         6          0          0          0          0        152   heapauxi.o
         2          0          0          0          0          0   libinit.o
         2          0          0          0          0          0   libinit2.o
         2          0          0          0          0          0   libshutdown.o
         2          0          0          0          0          0   libshutdown2.o
         8          4          0          0         96         68   libspace.o
        72          0          0          0          0         76   llsdiv.o
       238          0          0          0          0        100   lludivv7m.o
        88          0          0          0          0         76   memcmp.o
        24          4          0          0          0         84   noretval__2printf.o
         8          4          0          0          0         68   rt_errno_addr_intlibspace.o
        68          0          0          0          0         68   rt_memclr.o
        78          0          0          0          0         80   rt_memclr_w.o
         2          0          0          0          0          0   rtexit.o
        10          0          0          0          0          0   rtexit2.o
        74          0          0          0          0         80   sys_stackheap_outer.o
         2          0          0          0          0         68   use_no_semi.o
         2          0          0          0          0         68   use_no_semi_2.o
        98          4          0          0          0         92   d2f.o
       826         16          0          0          0        348   daddsub_clz.o
        16          4          0          0          0         68   dcheck1.o
       688        140          0          0          0        208   ddiv.o
        90          4          0          0          0         92   dfixu.o
        38          0          0          0          0         68   dflt_clz.o
       340         12          0          0          0        104   dmul.o
       156          4          0          0          0         92   dnaninf.o
        12          0          0          0          0         68   dretinf.o
       460         56          0          0          0        120   dsqrt_noumaal.o
        86          4          0          0          0         84   f2d.o
       430          8          0          0          0        168   faddsub_clz.o
        24          0          0          0          0         68   fcmpi.o
       388         76          0          0          0         96   fdiv.o
       104          4          0          0          0         84   feqf.o
        54          4          0          0          0         84   ffix.o
        62          4          0          0          0         84   ffixu.o
        86          0          0          0          0        136   fflt_clz.o
       104          4          0          0          0         84   fleqf.o
       258          4          0          0          0         84   fmul.o
       140          4          0          0          0         84   fnaninf.o
        10          0          0          0          0         68   fretinf.o
        98          0          0          0          0         68   frleqf.o
       100          0          0          0          0         68   retnan.o
        92          0          0          0          0         68   scalbn.o
        48          0          0          0          0         68   trapv.o
         0          0          0          0          0          0   usenofp.o
       624         52         80          0          0        168   asin.o
       544         70        152          0          0        124   atan.o
       384         38          0          0          0        144   atan2.o
        38          6          0          0          0        272   dunder.o
        40          0          0          0          0         68   fpclassify.o
       170          0          0          0          0         96   poly.o
         0          0          8          0          0          0   qnan.o
        76          0          0          0          0         84   sqrt.o

    ----------------------------------------------------------------------
      8372        568        260          0         96       5500   Library Totals
        22          0          3          0          0          0   (incl. Padding)

    ----------------------------------------------------------------------

      Code (inc. data)   RO Data    RW Data    ZI Data      Debug   Library Name

      1666         50         17          0         96       1888   c_w.l
      4808        352          0          0          0       2656   fz_ws.l
      1876        166        240          0          0        956   m_ws.l

    ----------------------------------------------------------------------
      8372        568        260          0         96       5500   Library Totals

    ----------------------------------------------------------------------

==============================================================================


      Code (inc. data)   RO Data    RW Data    ZI Data      Debug   

     28614       2032       5986       3620       1732     401181   Grand Totals
     28614       2032       5986       1620       1732     401181   ELF Image Totals (compressed)
     28614       2032       5986       1620          0          0   ROM Totals

==============================================================================

    Total RO  Size (Code + RO Data)                34600 (  33.79kB)
    Total RW  Size (RW Data + ZI Data)              5352 (   5.23kB)
    Total ROM Size (Code + RO Data + RW Data)      36220 (  35.37kB)

==============================================================================

